Classic Timing Analyzer report for another_DE2_to_one
Tue Jun 08 19:14:35 2010
Quartus II Version 7.1 Build 178 06/25/2007 Service Pack 1 SJ Full Version


---------------------
; Table of Contents ;
---------------------
  1. Legal Notice
  2. Timing Analyzer Summary
  3. Timing Analyzer Settings
  4. Clock Settings Summary
  5. Clock Setup: 'FiftyMHz_int_ref_clock'
  6. tsu
  7. tco
  8. th
  9. Timing Analyzer Messages



----------------
; Legal Notice ;
----------------
Copyright (C) 1991-2007 Altera Corporation
Your use of Altera Corporation's design tools, logic functions 
and other software and tools, and its AMPP partner logic 
functions, and any output files from any of the foregoing 
(including device programming or simulation files), and any 
associated documentation or information are expressly subject 
to the terms and conditions of the Altera Program License 
Subscription Agreement, Altera MegaCore Function License 
Agreement, or other applicable license agreement, including, 
without limitation, that your use is for the sole purpose of 
programming logic devices manufactured by Altera and sold by 
Altera or its authorized distributors.  Please refer to the 
applicable agreement for further details.



+--------------------------------------------------------------------------------------------------------------------------------------------------------------------------------------------------------------------------------------------------------------------+
; Timing Analyzer Summary                                                                                                                                                                                                                                            ;
+---------------------------------------+-------+---------------+----------------------------------+------------------------------------------------+-----------------------------------------------+------------------------+------------------------+--------------+
; Type                                  ; Slack ; Required Time ; Actual Time                      ; From                                           ; To                                            ; From Clock             ; To Clock               ; Failed Paths ;
+---------------------------------------+-------+---------------+----------------------------------+------------------------------------------------+-----------------------------------------------+------------------------+------------------------+--------------+
; Worst-case tsu                        ; N/A   ; None          ; 3.911 ns                         ; trigger                                        ; data_program:sending_out_the_data|counter[12] ; --                     ; FiftyMHz_int_ref_clock ; 0            ;
; Worst-case tco                        ; N/A   ; None          ; 10.894 ns                        ; data_program:sending_out_the_data|data_reg[13] ; switch_reg_data[13]                           ; FiftyMHz_int_ref_clock ; --                     ; 0            ;
; Worst-case th                         ; N/A   ; None          ; 2.144 ns                         ; switch9                                        ; data_program:sending_out_the_data|data_reg[9] ; --                     ; FiftyMHz_int_ref_clock ; 0            ;
; Clock Setup: 'FiftyMHz_int_ref_clock' ; N/A   ; None          ; 122.34 MHz ( period = 8.174 ns ) ; data_program:sending_out_the_data|counter[8]   ; data_program:sending_out_the_data|M[16]       ; FiftyMHz_int_ref_clock ; FiftyMHz_int_ref_clock ; 0            ;
; Total number of failed paths          ;       ;               ;                                  ;                                                ;                                               ;                        ;                        ; 0            ;
+---------------------------------------+-------+---------------+----------------------------------+------------------------------------------------+-----------------------------------------------+------------------------+------------------------+--------------+


+------------------------------------------------------------------------------------------------------+
; Timing Analyzer Settings                                                                             ;
+-------------------------------------------------------+--------------------+------+----+-------------+
; Option                                                ; Setting            ; From ; To ; Entity Name ;
+-------------------------------------------------------+--------------------+------+----+-------------+
; Device Name                                           ; EP2C35F672C6       ;      ;    ;             ;
; Timing Models                                         ; Final              ;      ;    ;             ;
; Default hold multicycle                               ; Same as Multicycle ;      ;    ;             ;
; Cut paths between unrelated clock domains             ; On                 ;      ;    ;             ;
; Cut off read during write signal paths                ; On                 ;      ;    ;             ;
; Cut off feedback from I/O pins                        ; On                 ;      ;    ;             ;
; Report Combined Fast/Slow Timing                      ; Off                ;      ;    ;             ;
; Ignore Clock Settings                                 ; Off                ;      ;    ;             ;
; Analyze latches as synchronous elements               ; On                 ;      ;    ;             ;
; Enable Recovery/Removal analysis                      ; Off                ;      ;    ;             ;
; Enable Clock Latency                                  ; Off                ;      ;    ;             ;
; Number of source nodes to report per destination node ; 10                 ;      ;    ;             ;
; Number of destination nodes to report                 ; 10                 ;      ;    ;             ;
; Number of paths to report                             ; 200                ;      ;    ;             ;
; Report Minimum Timing Checks                          ; Off                ;      ;    ;             ;
; Use Fast Timing Models                                ; Off                ;      ;    ;             ;
; Report IO Paths Separately                            ; Off                ;      ;    ;             ;
+-------------------------------------------------------+--------------------+------+----+-------------+


+-------------------------------------------------------------------------------------------------------------------------------------------------------------------------------------------+
; Clock Settings Summary                                                                                                                                                                    ;
+------------------------+--------------------+----------+------------------+---------------+--------------+----------+-----------------------+---------------------+--------+--------------+
; Clock Node Name        ; Clock Setting Name ; Type     ; Fmax Requirement ; Early Latency ; Late Latency ; Based on ; Multiply Base Fmax by ; Divide Base Fmax by ; Offset ; Phase offset ;
+------------------------+--------------------+----------+------------------+---------------+--------------+----------+-----------------------+---------------------+--------+--------------+
; FiftyMHz_int_ref_clock ;                    ; User Pin ; None             ; 0.000 ns      ; 0.000 ns     ; --       ; N/A                   ; N/A                 ; N/A    ;              ;
+------------------------+--------------------+----------+------------------+---------------+--------------+----------+-----------------------+---------------------+--------+--------------+


+-------------------------------------------------------------------------------------------------------------------------------------------------------------------------------------------------------------------------------------------------------------------------------------------------------------------------------------+
; Clock Setup: 'FiftyMHz_int_ref_clock'                                                                                                                                                                                                                                                                                               ;
+-----------------------------------------+-----------------------------------------------------+-----------------------------------------------+-----------------------------------------------+------------------------+------------------------+-----------------------------+---------------------------+-------------------------+
; Slack                                   ; Actual fmax (period)                                ; From                                          ; To                                            ; From Clock             ; To Clock               ; Required Setup Relationship ; Required Longest P2P Time ; Actual Longest P2P Time ;
+-----------------------------------------+-----------------------------------------------------+-----------------------------------------------+-----------------------------------------------+------------------------+------------------------+-----------------------------+---------------------------+-------------------------+
; N/A                                     ; 122.34 MHz ( period = 8.174 ns )                    ; data_program:sending_out_the_data|counter[8]  ; data_program:sending_out_the_data|M[31]       ; FiftyMHz_int_ref_clock ; FiftyMHz_int_ref_clock ; None                        ; None                      ; 3.878 ns                ;
; N/A                                     ; 122.34 MHz ( period = 8.174 ns )                    ; data_program:sending_out_the_data|counter[8]  ; data_program:sending_out_the_data|M[30]       ; FiftyMHz_int_ref_clock ; FiftyMHz_int_ref_clock ; None                        ; None                      ; 3.878 ns                ;
; N/A                                     ; 122.34 MHz ( period = 8.174 ns )                    ; data_program:sending_out_the_data|counter[8]  ; data_program:sending_out_the_data|M[29]       ; FiftyMHz_int_ref_clock ; FiftyMHz_int_ref_clock ; None                        ; None                      ; 3.878 ns                ;
; N/A                                     ; 122.34 MHz ( period = 8.174 ns )                    ; data_program:sending_out_the_data|counter[8]  ; data_program:sending_out_the_data|M[21]       ; FiftyMHz_int_ref_clock ; FiftyMHz_int_ref_clock ; None                        ; None                      ; 3.878 ns                ;
; N/A                                     ; 122.34 MHz ( period = 8.174 ns )                    ; data_program:sending_out_the_data|counter[8]  ; data_program:sending_out_the_data|M[24]       ; FiftyMHz_int_ref_clock ; FiftyMHz_int_ref_clock ; None                        ; None                      ; 3.878 ns                ;
; N/A                                     ; 122.34 MHz ( period = 8.174 ns )                    ; data_program:sending_out_the_data|counter[8]  ; data_program:sending_out_the_data|M[22]       ; FiftyMHz_int_ref_clock ; FiftyMHz_int_ref_clock ; None                        ; None                      ; 3.878 ns                ;
; N/A                                     ; 122.34 MHz ( period = 8.174 ns )                    ; data_program:sending_out_the_data|counter[8]  ; data_program:sending_out_the_data|M[23]       ; FiftyMHz_int_ref_clock ; FiftyMHz_int_ref_clock ; None                        ; None                      ; 3.878 ns                ;
; N/A                                     ; 122.34 MHz ( period = 8.174 ns )                    ; data_program:sending_out_the_data|counter[8]  ; data_program:sending_out_the_data|M[17]       ; FiftyMHz_int_ref_clock ; FiftyMHz_int_ref_clock ; None                        ; None                      ; 3.878 ns                ;
; N/A                                     ; 122.34 MHz ( period = 8.174 ns )                    ; data_program:sending_out_the_data|counter[8]  ; data_program:sending_out_the_data|M[19]       ; FiftyMHz_int_ref_clock ; FiftyMHz_int_ref_clock ; None                        ; None                      ; 3.878 ns                ;
; N/A                                     ; 122.34 MHz ( period = 8.174 ns )                    ; data_program:sending_out_the_data|counter[8]  ; data_program:sending_out_the_data|M[18]       ; FiftyMHz_int_ref_clock ; FiftyMHz_int_ref_clock ; None                        ; None                      ; 3.878 ns                ;
; N/A                                     ; 122.34 MHz ( period = 8.174 ns )                    ; data_program:sending_out_the_data|counter[8]  ; data_program:sending_out_the_data|M[20]       ; FiftyMHz_int_ref_clock ; FiftyMHz_int_ref_clock ; None                        ; None                      ; 3.878 ns                ;
; N/A                                     ; 122.34 MHz ( period = 8.174 ns )                    ; data_program:sending_out_the_data|counter[8]  ; data_program:sending_out_the_data|M[26]       ; FiftyMHz_int_ref_clock ; FiftyMHz_int_ref_clock ; None                        ; None                      ; 3.878 ns                ;
; N/A                                     ; 122.34 MHz ( period = 8.174 ns )                    ; data_program:sending_out_the_data|counter[8]  ; data_program:sending_out_the_data|M[27]       ; FiftyMHz_int_ref_clock ; FiftyMHz_int_ref_clock ; None                        ; None                      ; 3.878 ns                ;
; N/A                                     ; 122.34 MHz ( period = 8.174 ns )                    ; data_program:sending_out_the_data|counter[8]  ; data_program:sending_out_the_data|M[28]       ; FiftyMHz_int_ref_clock ; FiftyMHz_int_ref_clock ; None                        ; None                      ; 3.878 ns                ;
; N/A                                     ; 122.34 MHz ( period = 8.174 ns )                    ; data_program:sending_out_the_data|counter[8]  ; data_program:sending_out_the_data|M[25]       ; FiftyMHz_int_ref_clock ; FiftyMHz_int_ref_clock ; None                        ; None                      ; 3.878 ns                ;
; N/A                                     ; 122.34 MHz ( period = 8.174 ns )                    ; data_program:sending_out_the_data|counter[8]  ; data_program:sending_out_the_data|M[16]       ; FiftyMHz_int_ref_clock ; FiftyMHz_int_ref_clock ; None                        ; None                      ; 3.878 ns                ;
; N/A                                     ; 122.76 MHz ( period = 8.146 ns )                    ; data_program:sending_out_the_data|counter[8]  ; data_program:sending_out_the_data|M[1]        ; FiftyMHz_int_ref_clock ; FiftyMHz_int_ref_clock ; None                        ; None                      ; 3.862 ns                ;
; N/A                                     ; 122.76 MHz ( period = 8.146 ns )                    ; data_program:sending_out_the_data|counter[8]  ; data_program:sending_out_the_data|M[0]        ; FiftyMHz_int_ref_clock ; FiftyMHz_int_ref_clock ; None                        ; None                      ; 3.862 ns                ;
; N/A                                     ; 122.76 MHz ( period = 8.146 ns )                    ; data_program:sending_out_the_data|counter[8]  ; data_program:sending_out_the_data|M[4]        ; FiftyMHz_int_ref_clock ; FiftyMHz_int_ref_clock ; None                        ; None                      ; 3.862 ns                ;
; N/A                                     ; 122.76 MHz ( period = 8.146 ns )                    ; data_program:sending_out_the_data|counter[8]  ; data_program:sending_out_the_data|M[10]       ; FiftyMHz_int_ref_clock ; FiftyMHz_int_ref_clock ; None                        ; None                      ; 3.862 ns                ;
; N/A                                     ; 122.76 MHz ( period = 8.146 ns )                    ; data_program:sending_out_the_data|counter[8]  ; data_program:sending_out_the_data|M[12]       ; FiftyMHz_int_ref_clock ; FiftyMHz_int_ref_clock ; None                        ; None                      ; 3.862 ns                ;
; N/A                                     ; 122.76 MHz ( period = 8.146 ns )                    ; data_program:sending_out_the_data|counter[8]  ; data_program:sending_out_the_data|M[11]       ; FiftyMHz_int_ref_clock ; FiftyMHz_int_ref_clock ; None                        ; None                      ; 3.862 ns                ;
; N/A                                     ; 122.76 MHz ( period = 8.146 ns )                    ; data_program:sending_out_the_data|counter[8]  ; data_program:sending_out_the_data|M[9]        ; FiftyMHz_int_ref_clock ; FiftyMHz_int_ref_clock ; None                        ; None                      ; 3.862 ns                ;
; N/A                                     ; 122.76 MHz ( period = 8.146 ns )                    ; data_program:sending_out_the_data|counter[8]  ; data_program:sending_out_the_data|M[7]        ; FiftyMHz_int_ref_clock ; FiftyMHz_int_ref_clock ; None                        ; None                      ; 3.862 ns                ;
; N/A                                     ; 122.76 MHz ( period = 8.146 ns )                    ; data_program:sending_out_the_data|counter[8]  ; data_program:sending_out_the_data|M[8]        ; FiftyMHz_int_ref_clock ; FiftyMHz_int_ref_clock ; None                        ; None                      ; 3.862 ns                ;
; N/A                                     ; 122.76 MHz ( period = 8.146 ns )                    ; data_program:sending_out_the_data|counter[8]  ; data_program:sending_out_the_data|M[5]        ; FiftyMHz_int_ref_clock ; FiftyMHz_int_ref_clock ; None                        ; None                      ; 3.862 ns                ;
; N/A                                     ; 122.76 MHz ( period = 8.146 ns )                    ; data_program:sending_out_the_data|counter[8]  ; data_program:sending_out_the_data|M[6]        ; FiftyMHz_int_ref_clock ; FiftyMHz_int_ref_clock ; None                        ; None                      ; 3.862 ns                ;
; N/A                                     ; 122.76 MHz ( period = 8.146 ns )                    ; data_program:sending_out_the_data|counter[8]  ; data_program:sending_out_the_data|M[3]        ; FiftyMHz_int_ref_clock ; FiftyMHz_int_ref_clock ; None                        ; None                      ; 3.862 ns                ;
; N/A                                     ; 122.76 MHz ( period = 8.146 ns )                    ; data_program:sending_out_the_data|counter[8]  ; data_program:sending_out_the_data|M[2]        ; FiftyMHz_int_ref_clock ; FiftyMHz_int_ref_clock ; None                        ; None                      ; 3.862 ns                ;
; N/A                                     ; 122.76 MHz ( period = 8.146 ns )                    ; data_program:sending_out_the_data|counter[8]  ; data_program:sending_out_the_data|M[15]       ; FiftyMHz_int_ref_clock ; FiftyMHz_int_ref_clock ; None                        ; None                      ; 3.862 ns                ;
; N/A                                     ; 122.76 MHz ( period = 8.146 ns )                    ; data_program:sending_out_the_data|counter[8]  ; data_program:sending_out_the_data|M[13]       ; FiftyMHz_int_ref_clock ; FiftyMHz_int_ref_clock ; None                        ; None                      ; 3.862 ns                ;
; N/A                                     ; 122.76 MHz ( period = 8.146 ns )                    ; data_program:sending_out_the_data|counter[8]  ; data_program:sending_out_the_data|M[14]       ; FiftyMHz_int_ref_clock ; FiftyMHz_int_ref_clock ; None                        ; None                      ; 3.862 ns                ;
; N/A                                     ; 122.79 MHz ( period = 8.144 ns )                    ; data_program:sending_out_the_data|counter[8]  ; data_program:sending_out_the_data|data_output ; FiftyMHz_int_ref_clock ; FiftyMHz_int_ref_clock ; None                        ; None                      ; 3.862 ns                ;
; N/A                                     ; 123.24 MHz ( period = 8.114 ns )                    ; data_program:sending_out_the_data|counter[9]  ; data_program:sending_out_the_data|M[31]       ; FiftyMHz_int_ref_clock ; FiftyMHz_int_ref_clock ; None                        ; None                      ; 3.848 ns                ;
; N/A                                     ; 123.24 MHz ( period = 8.114 ns )                    ; data_program:sending_out_the_data|counter[9]  ; data_program:sending_out_the_data|M[30]       ; FiftyMHz_int_ref_clock ; FiftyMHz_int_ref_clock ; None                        ; None                      ; 3.848 ns                ;
; N/A                                     ; 123.24 MHz ( period = 8.114 ns )                    ; data_program:sending_out_the_data|counter[9]  ; data_program:sending_out_the_data|M[29]       ; FiftyMHz_int_ref_clock ; FiftyMHz_int_ref_clock ; None                        ; None                      ; 3.848 ns                ;
; N/A                                     ; 123.24 MHz ( period = 8.114 ns )                    ; data_program:sending_out_the_data|counter[9]  ; data_program:sending_out_the_data|M[21]       ; FiftyMHz_int_ref_clock ; FiftyMHz_int_ref_clock ; None                        ; None                      ; 3.848 ns                ;
; N/A                                     ; 123.24 MHz ( period = 8.114 ns )                    ; data_program:sending_out_the_data|counter[9]  ; data_program:sending_out_the_data|M[24]       ; FiftyMHz_int_ref_clock ; FiftyMHz_int_ref_clock ; None                        ; None                      ; 3.848 ns                ;
; N/A                                     ; 123.24 MHz ( period = 8.114 ns )                    ; data_program:sending_out_the_data|counter[9]  ; data_program:sending_out_the_data|M[22]       ; FiftyMHz_int_ref_clock ; FiftyMHz_int_ref_clock ; None                        ; None                      ; 3.848 ns                ;
; N/A                                     ; 123.24 MHz ( period = 8.114 ns )                    ; data_program:sending_out_the_data|counter[9]  ; data_program:sending_out_the_data|M[23]       ; FiftyMHz_int_ref_clock ; FiftyMHz_int_ref_clock ; None                        ; None                      ; 3.848 ns                ;
; N/A                                     ; 123.24 MHz ( period = 8.114 ns )                    ; data_program:sending_out_the_data|counter[9]  ; data_program:sending_out_the_data|M[17]       ; FiftyMHz_int_ref_clock ; FiftyMHz_int_ref_clock ; None                        ; None                      ; 3.848 ns                ;
; N/A                                     ; 123.24 MHz ( period = 8.114 ns )                    ; data_program:sending_out_the_data|counter[9]  ; data_program:sending_out_the_data|M[19]       ; FiftyMHz_int_ref_clock ; FiftyMHz_int_ref_clock ; None                        ; None                      ; 3.848 ns                ;
; N/A                                     ; 123.24 MHz ( period = 8.114 ns )                    ; data_program:sending_out_the_data|counter[9]  ; data_program:sending_out_the_data|M[18]       ; FiftyMHz_int_ref_clock ; FiftyMHz_int_ref_clock ; None                        ; None                      ; 3.848 ns                ;
; N/A                                     ; 123.24 MHz ( period = 8.114 ns )                    ; data_program:sending_out_the_data|counter[9]  ; data_program:sending_out_the_data|M[20]       ; FiftyMHz_int_ref_clock ; FiftyMHz_int_ref_clock ; None                        ; None                      ; 3.848 ns                ;
; N/A                                     ; 123.24 MHz ( period = 8.114 ns )                    ; data_program:sending_out_the_data|counter[9]  ; data_program:sending_out_the_data|M[26]       ; FiftyMHz_int_ref_clock ; FiftyMHz_int_ref_clock ; None                        ; None                      ; 3.848 ns                ;
; N/A                                     ; 123.24 MHz ( period = 8.114 ns )                    ; data_program:sending_out_the_data|counter[9]  ; data_program:sending_out_the_data|M[27]       ; FiftyMHz_int_ref_clock ; FiftyMHz_int_ref_clock ; None                        ; None                      ; 3.848 ns                ;
; N/A                                     ; 123.24 MHz ( period = 8.114 ns )                    ; data_program:sending_out_the_data|counter[9]  ; data_program:sending_out_the_data|M[28]       ; FiftyMHz_int_ref_clock ; FiftyMHz_int_ref_clock ; None                        ; None                      ; 3.848 ns                ;
; N/A                                     ; 123.24 MHz ( period = 8.114 ns )                    ; data_program:sending_out_the_data|counter[9]  ; data_program:sending_out_the_data|M[25]       ; FiftyMHz_int_ref_clock ; FiftyMHz_int_ref_clock ; None                        ; None                      ; 3.848 ns                ;
; N/A                                     ; 123.24 MHz ( period = 8.114 ns )                    ; data_program:sending_out_the_data|counter[9]  ; data_program:sending_out_the_data|M[16]       ; FiftyMHz_int_ref_clock ; FiftyMHz_int_ref_clock ; None                        ; None                      ; 3.848 ns                ;
; N/A                                     ; 123.67 MHz ( period = 8.086 ns )                    ; data_program:sending_out_the_data|counter[9]  ; data_program:sending_out_the_data|M[1]        ; FiftyMHz_int_ref_clock ; FiftyMHz_int_ref_clock ; None                        ; None                      ; 3.832 ns                ;
; N/A                                     ; 123.67 MHz ( period = 8.086 ns )                    ; data_program:sending_out_the_data|counter[9]  ; data_program:sending_out_the_data|M[0]        ; FiftyMHz_int_ref_clock ; FiftyMHz_int_ref_clock ; None                        ; None                      ; 3.832 ns                ;
; N/A                                     ; 123.67 MHz ( period = 8.086 ns )                    ; data_program:sending_out_the_data|counter[9]  ; data_program:sending_out_the_data|M[4]        ; FiftyMHz_int_ref_clock ; FiftyMHz_int_ref_clock ; None                        ; None                      ; 3.832 ns                ;
; N/A                                     ; 123.67 MHz ( period = 8.086 ns )                    ; data_program:sending_out_the_data|counter[9]  ; data_program:sending_out_the_data|M[10]       ; FiftyMHz_int_ref_clock ; FiftyMHz_int_ref_clock ; None                        ; None                      ; 3.832 ns                ;
; N/A                                     ; 123.67 MHz ( period = 8.086 ns )                    ; data_program:sending_out_the_data|counter[9]  ; data_program:sending_out_the_data|M[12]       ; FiftyMHz_int_ref_clock ; FiftyMHz_int_ref_clock ; None                        ; None                      ; 3.832 ns                ;
; N/A                                     ; 123.67 MHz ( period = 8.086 ns )                    ; data_program:sending_out_the_data|counter[9]  ; data_program:sending_out_the_data|M[11]       ; FiftyMHz_int_ref_clock ; FiftyMHz_int_ref_clock ; None                        ; None                      ; 3.832 ns                ;
; N/A                                     ; 123.67 MHz ( period = 8.086 ns )                    ; data_program:sending_out_the_data|counter[9]  ; data_program:sending_out_the_data|M[9]        ; FiftyMHz_int_ref_clock ; FiftyMHz_int_ref_clock ; None                        ; None                      ; 3.832 ns                ;
; N/A                                     ; 123.67 MHz ( period = 8.086 ns )                    ; data_program:sending_out_the_data|counter[9]  ; data_program:sending_out_the_data|M[7]        ; FiftyMHz_int_ref_clock ; FiftyMHz_int_ref_clock ; None                        ; None                      ; 3.832 ns                ;
; N/A                                     ; 123.67 MHz ( period = 8.086 ns )                    ; data_program:sending_out_the_data|counter[9]  ; data_program:sending_out_the_data|M[8]        ; FiftyMHz_int_ref_clock ; FiftyMHz_int_ref_clock ; None                        ; None                      ; 3.832 ns                ;
; N/A                                     ; 123.67 MHz ( period = 8.086 ns )                    ; data_program:sending_out_the_data|counter[9]  ; data_program:sending_out_the_data|M[5]        ; FiftyMHz_int_ref_clock ; FiftyMHz_int_ref_clock ; None                        ; None                      ; 3.832 ns                ;
; N/A                                     ; 123.67 MHz ( period = 8.086 ns )                    ; data_program:sending_out_the_data|counter[9]  ; data_program:sending_out_the_data|M[6]        ; FiftyMHz_int_ref_clock ; FiftyMHz_int_ref_clock ; None                        ; None                      ; 3.832 ns                ;
; N/A                                     ; 123.67 MHz ( period = 8.086 ns )                    ; data_program:sending_out_the_data|counter[9]  ; data_program:sending_out_the_data|M[3]        ; FiftyMHz_int_ref_clock ; FiftyMHz_int_ref_clock ; None                        ; None                      ; 3.832 ns                ;
; N/A                                     ; 123.67 MHz ( period = 8.086 ns )                    ; data_program:sending_out_the_data|counter[9]  ; data_program:sending_out_the_data|M[2]        ; FiftyMHz_int_ref_clock ; FiftyMHz_int_ref_clock ; None                        ; None                      ; 3.832 ns                ;
; N/A                                     ; 123.67 MHz ( period = 8.086 ns )                    ; data_program:sending_out_the_data|counter[9]  ; data_program:sending_out_the_data|M[15]       ; FiftyMHz_int_ref_clock ; FiftyMHz_int_ref_clock ; None                        ; None                      ; 3.832 ns                ;
; N/A                                     ; 123.67 MHz ( period = 8.086 ns )                    ; data_program:sending_out_the_data|counter[9]  ; data_program:sending_out_the_data|M[13]       ; FiftyMHz_int_ref_clock ; FiftyMHz_int_ref_clock ; None                        ; None                      ; 3.832 ns                ;
; N/A                                     ; 123.67 MHz ( period = 8.086 ns )                    ; data_program:sending_out_the_data|counter[9]  ; data_program:sending_out_the_data|M[14]       ; FiftyMHz_int_ref_clock ; FiftyMHz_int_ref_clock ; None                        ; None                      ; 3.832 ns                ;
; N/A                                     ; 123.70 MHz ( period = 8.084 ns )                    ; data_program:sending_out_the_data|counter[9]  ; data_program:sending_out_the_data|data_output ; FiftyMHz_int_ref_clock ; FiftyMHz_int_ref_clock ; None                        ; None                      ; 3.832 ns                ;
; N/A                                     ; 126.45 MHz ( period = 7.908 ns )                    ; data_program:sending_out_the_data|counter[6]  ; data_program:sending_out_the_data|M[31]       ; FiftyMHz_int_ref_clock ; FiftyMHz_int_ref_clock ; None                        ; None                      ; 3.745 ns                ;
; N/A                                     ; 126.45 MHz ( period = 7.908 ns )                    ; data_program:sending_out_the_data|counter[6]  ; data_program:sending_out_the_data|M[30]       ; FiftyMHz_int_ref_clock ; FiftyMHz_int_ref_clock ; None                        ; None                      ; 3.745 ns                ;
; N/A                                     ; 126.45 MHz ( period = 7.908 ns )                    ; data_program:sending_out_the_data|counter[6]  ; data_program:sending_out_the_data|M[29]       ; FiftyMHz_int_ref_clock ; FiftyMHz_int_ref_clock ; None                        ; None                      ; 3.745 ns                ;
; N/A                                     ; 126.45 MHz ( period = 7.908 ns )                    ; data_program:sending_out_the_data|counter[6]  ; data_program:sending_out_the_data|M[21]       ; FiftyMHz_int_ref_clock ; FiftyMHz_int_ref_clock ; None                        ; None                      ; 3.745 ns                ;
; N/A                                     ; 126.45 MHz ( period = 7.908 ns )                    ; data_program:sending_out_the_data|counter[6]  ; data_program:sending_out_the_data|M[24]       ; FiftyMHz_int_ref_clock ; FiftyMHz_int_ref_clock ; None                        ; None                      ; 3.745 ns                ;
; N/A                                     ; 126.45 MHz ( period = 7.908 ns )                    ; data_program:sending_out_the_data|counter[6]  ; data_program:sending_out_the_data|M[22]       ; FiftyMHz_int_ref_clock ; FiftyMHz_int_ref_clock ; None                        ; None                      ; 3.745 ns                ;
; N/A                                     ; 126.45 MHz ( period = 7.908 ns )                    ; data_program:sending_out_the_data|counter[6]  ; data_program:sending_out_the_data|M[23]       ; FiftyMHz_int_ref_clock ; FiftyMHz_int_ref_clock ; None                        ; None                      ; 3.745 ns                ;
; N/A                                     ; 126.45 MHz ( period = 7.908 ns )                    ; data_program:sending_out_the_data|counter[6]  ; data_program:sending_out_the_data|M[17]       ; FiftyMHz_int_ref_clock ; FiftyMHz_int_ref_clock ; None                        ; None                      ; 3.745 ns                ;
; N/A                                     ; 126.45 MHz ( period = 7.908 ns )                    ; data_program:sending_out_the_data|counter[6]  ; data_program:sending_out_the_data|M[19]       ; FiftyMHz_int_ref_clock ; FiftyMHz_int_ref_clock ; None                        ; None                      ; 3.745 ns                ;
; N/A                                     ; 126.45 MHz ( period = 7.908 ns )                    ; data_program:sending_out_the_data|counter[6]  ; data_program:sending_out_the_data|M[18]       ; FiftyMHz_int_ref_clock ; FiftyMHz_int_ref_clock ; None                        ; None                      ; 3.745 ns                ;
; N/A                                     ; 126.45 MHz ( period = 7.908 ns )                    ; data_program:sending_out_the_data|counter[6]  ; data_program:sending_out_the_data|M[20]       ; FiftyMHz_int_ref_clock ; FiftyMHz_int_ref_clock ; None                        ; None                      ; 3.745 ns                ;
; N/A                                     ; 126.45 MHz ( period = 7.908 ns )                    ; data_program:sending_out_the_data|counter[6]  ; data_program:sending_out_the_data|M[26]       ; FiftyMHz_int_ref_clock ; FiftyMHz_int_ref_clock ; None                        ; None                      ; 3.745 ns                ;
; N/A                                     ; 126.45 MHz ( period = 7.908 ns )                    ; data_program:sending_out_the_data|counter[6]  ; data_program:sending_out_the_data|M[27]       ; FiftyMHz_int_ref_clock ; FiftyMHz_int_ref_clock ; None                        ; None                      ; 3.745 ns                ;
; N/A                                     ; 126.45 MHz ( period = 7.908 ns )                    ; data_program:sending_out_the_data|counter[6]  ; data_program:sending_out_the_data|M[28]       ; FiftyMHz_int_ref_clock ; FiftyMHz_int_ref_clock ; None                        ; None                      ; 3.745 ns                ;
; N/A                                     ; 126.45 MHz ( period = 7.908 ns )                    ; data_program:sending_out_the_data|counter[6]  ; data_program:sending_out_the_data|M[25]       ; FiftyMHz_int_ref_clock ; FiftyMHz_int_ref_clock ; None                        ; None                      ; 3.745 ns                ;
; N/A                                     ; 126.45 MHz ( period = 7.908 ns )                    ; data_program:sending_out_the_data|counter[6]  ; data_program:sending_out_the_data|M[16]       ; FiftyMHz_int_ref_clock ; FiftyMHz_int_ref_clock ; None                        ; None                      ; 3.745 ns                ;
; N/A                                     ; 126.65 MHz ( period = 7.896 ns )                    ; data_program:sending_out_the_data|counter[11] ; data_program:sending_out_the_data|M[31]       ; FiftyMHz_int_ref_clock ; FiftyMHz_int_ref_clock ; None                        ; None                      ; 3.739 ns                ;
; N/A                                     ; 126.65 MHz ( period = 7.896 ns )                    ; data_program:sending_out_the_data|counter[11] ; data_program:sending_out_the_data|M[30]       ; FiftyMHz_int_ref_clock ; FiftyMHz_int_ref_clock ; None                        ; None                      ; 3.739 ns                ;
; N/A                                     ; 126.65 MHz ( period = 7.896 ns )                    ; data_program:sending_out_the_data|counter[11] ; data_program:sending_out_the_data|M[29]       ; FiftyMHz_int_ref_clock ; FiftyMHz_int_ref_clock ; None                        ; None                      ; 3.739 ns                ;
; N/A                                     ; 126.65 MHz ( period = 7.896 ns )                    ; data_program:sending_out_the_data|counter[11] ; data_program:sending_out_the_data|M[21]       ; FiftyMHz_int_ref_clock ; FiftyMHz_int_ref_clock ; None                        ; None                      ; 3.739 ns                ;
; N/A                                     ; 126.65 MHz ( period = 7.896 ns )                    ; data_program:sending_out_the_data|counter[11] ; data_program:sending_out_the_data|M[24]       ; FiftyMHz_int_ref_clock ; FiftyMHz_int_ref_clock ; None                        ; None                      ; 3.739 ns                ;
; N/A                                     ; 126.65 MHz ( period = 7.896 ns )                    ; data_program:sending_out_the_data|counter[11] ; data_program:sending_out_the_data|M[22]       ; FiftyMHz_int_ref_clock ; FiftyMHz_int_ref_clock ; None                        ; None                      ; 3.739 ns                ;
; N/A                                     ; 126.65 MHz ( period = 7.896 ns )                    ; data_program:sending_out_the_data|counter[11] ; data_program:sending_out_the_data|M[23]       ; FiftyMHz_int_ref_clock ; FiftyMHz_int_ref_clock ; None                        ; None                      ; 3.739 ns                ;
; N/A                                     ; 126.65 MHz ( period = 7.896 ns )                    ; data_program:sending_out_the_data|counter[11] ; data_program:sending_out_the_data|M[17]       ; FiftyMHz_int_ref_clock ; FiftyMHz_int_ref_clock ; None                        ; None                      ; 3.739 ns                ;
; N/A                                     ; 126.65 MHz ( period = 7.896 ns )                    ; data_program:sending_out_the_data|counter[11] ; data_program:sending_out_the_data|M[19]       ; FiftyMHz_int_ref_clock ; FiftyMHz_int_ref_clock ; None                        ; None                      ; 3.739 ns                ;
; N/A                                     ; 126.65 MHz ( period = 7.896 ns )                    ; data_program:sending_out_the_data|counter[11] ; data_program:sending_out_the_data|M[18]       ; FiftyMHz_int_ref_clock ; FiftyMHz_int_ref_clock ; None                        ; None                      ; 3.739 ns                ;
; N/A                                     ; 126.65 MHz ( period = 7.896 ns )                    ; data_program:sending_out_the_data|counter[11] ; data_program:sending_out_the_data|M[20]       ; FiftyMHz_int_ref_clock ; FiftyMHz_int_ref_clock ; None                        ; None                      ; 3.739 ns                ;
; N/A                                     ; 126.65 MHz ( period = 7.896 ns )                    ; data_program:sending_out_the_data|counter[11] ; data_program:sending_out_the_data|M[26]       ; FiftyMHz_int_ref_clock ; FiftyMHz_int_ref_clock ; None                        ; None                      ; 3.739 ns                ;
; N/A                                     ; 126.65 MHz ( period = 7.896 ns )                    ; data_program:sending_out_the_data|counter[11] ; data_program:sending_out_the_data|M[27]       ; FiftyMHz_int_ref_clock ; FiftyMHz_int_ref_clock ; None                        ; None                      ; 3.739 ns                ;
; N/A                                     ; 126.65 MHz ( period = 7.896 ns )                    ; data_program:sending_out_the_data|counter[11] ; data_program:sending_out_the_data|M[28]       ; FiftyMHz_int_ref_clock ; FiftyMHz_int_ref_clock ; None                        ; None                      ; 3.739 ns                ;
; N/A                                     ; 126.65 MHz ( period = 7.896 ns )                    ; data_program:sending_out_the_data|counter[11] ; data_program:sending_out_the_data|M[25]       ; FiftyMHz_int_ref_clock ; FiftyMHz_int_ref_clock ; None                        ; None                      ; 3.739 ns                ;
; N/A                                     ; 126.65 MHz ( period = 7.896 ns )                    ; data_program:sending_out_the_data|counter[11] ; data_program:sending_out_the_data|M[16]       ; FiftyMHz_int_ref_clock ; FiftyMHz_int_ref_clock ; None                        ; None                      ; 3.739 ns                ;
; N/A                                     ; 126.90 MHz ( period = 7.880 ns )                    ; data_program:sending_out_the_data|counter[6]  ; data_program:sending_out_the_data|M[1]        ; FiftyMHz_int_ref_clock ; FiftyMHz_int_ref_clock ; None                        ; None                      ; 3.729 ns                ;
; N/A                                     ; 126.90 MHz ( period = 7.880 ns )                    ; data_program:sending_out_the_data|counter[6]  ; data_program:sending_out_the_data|M[0]        ; FiftyMHz_int_ref_clock ; FiftyMHz_int_ref_clock ; None                        ; None                      ; 3.729 ns                ;
; N/A                                     ; 126.90 MHz ( period = 7.880 ns )                    ; data_program:sending_out_the_data|counter[6]  ; data_program:sending_out_the_data|M[4]        ; FiftyMHz_int_ref_clock ; FiftyMHz_int_ref_clock ; None                        ; None                      ; 3.729 ns                ;
; N/A                                     ; 126.90 MHz ( period = 7.880 ns )                    ; data_program:sending_out_the_data|counter[6]  ; data_program:sending_out_the_data|M[10]       ; FiftyMHz_int_ref_clock ; FiftyMHz_int_ref_clock ; None                        ; None                      ; 3.729 ns                ;
; N/A                                     ; 126.90 MHz ( period = 7.880 ns )                    ; data_program:sending_out_the_data|counter[6]  ; data_program:sending_out_the_data|M[12]       ; FiftyMHz_int_ref_clock ; FiftyMHz_int_ref_clock ; None                        ; None                      ; 3.729 ns                ;
; N/A                                     ; 126.90 MHz ( period = 7.880 ns )                    ; data_program:sending_out_the_data|counter[6]  ; data_program:sending_out_the_data|M[11]       ; FiftyMHz_int_ref_clock ; FiftyMHz_int_ref_clock ; None                        ; None                      ; 3.729 ns                ;
; N/A                                     ; 126.90 MHz ( period = 7.880 ns )                    ; data_program:sending_out_the_data|counter[6]  ; data_program:sending_out_the_data|M[9]        ; FiftyMHz_int_ref_clock ; FiftyMHz_int_ref_clock ; None                        ; None                      ; 3.729 ns                ;
; N/A                                     ; 126.90 MHz ( period = 7.880 ns )                    ; data_program:sending_out_the_data|counter[6]  ; data_program:sending_out_the_data|M[7]        ; FiftyMHz_int_ref_clock ; FiftyMHz_int_ref_clock ; None                        ; None                      ; 3.729 ns                ;
; N/A                                     ; 126.90 MHz ( period = 7.880 ns )                    ; data_program:sending_out_the_data|counter[6]  ; data_program:sending_out_the_data|M[8]        ; FiftyMHz_int_ref_clock ; FiftyMHz_int_ref_clock ; None                        ; None                      ; 3.729 ns                ;
; N/A                                     ; 126.90 MHz ( period = 7.880 ns )                    ; data_program:sending_out_the_data|counter[6]  ; data_program:sending_out_the_data|M[5]        ; FiftyMHz_int_ref_clock ; FiftyMHz_int_ref_clock ; None                        ; None                      ; 3.729 ns                ;
; N/A                                     ; 126.90 MHz ( period = 7.880 ns )                    ; data_program:sending_out_the_data|counter[6]  ; data_program:sending_out_the_data|M[6]        ; FiftyMHz_int_ref_clock ; FiftyMHz_int_ref_clock ; None                        ; None                      ; 3.729 ns                ;
; N/A                                     ; 126.90 MHz ( period = 7.880 ns )                    ; data_program:sending_out_the_data|counter[6]  ; data_program:sending_out_the_data|M[3]        ; FiftyMHz_int_ref_clock ; FiftyMHz_int_ref_clock ; None                        ; None                      ; 3.729 ns                ;
; N/A                                     ; 126.90 MHz ( period = 7.880 ns )                    ; data_program:sending_out_the_data|counter[6]  ; data_program:sending_out_the_data|M[2]        ; FiftyMHz_int_ref_clock ; FiftyMHz_int_ref_clock ; None                        ; None                      ; 3.729 ns                ;
; N/A                                     ; 126.90 MHz ( period = 7.880 ns )                    ; data_program:sending_out_the_data|counter[6]  ; data_program:sending_out_the_data|M[15]       ; FiftyMHz_int_ref_clock ; FiftyMHz_int_ref_clock ; None                        ; None                      ; 3.729 ns                ;
; N/A                                     ; 126.90 MHz ( period = 7.880 ns )                    ; data_program:sending_out_the_data|counter[6]  ; data_program:sending_out_the_data|M[13]       ; FiftyMHz_int_ref_clock ; FiftyMHz_int_ref_clock ; None                        ; None                      ; 3.729 ns                ;
; N/A                                     ; 126.90 MHz ( period = 7.880 ns )                    ; data_program:sending_out_the_data|counter[6]  ; data_program:sending_out_the_data|M[14]       ; FiftyMHz_int_ref_clock ; FiftyMHz_int_ref_clock ; None                        ; None                      ; 3.729 ns                ;
; N/A                                     ; 126.94 MHz ( period = 7.878 ns )                    ; data_program:sending_out_the_data|counter[6]  ; data_program:sending_out_the_data|data_output ; FiftyMHz_int_ref_clock ; FiftyMHz_int_ref_clock ; None                        ; None                      ; 3.729 ns                ;
; N/A                                     ; 127.10 MHz ( period = 7.868 ns )                    ; data_program:sending_out_the_data|counter[11] ; data_program:sending_out_the_data|M[1]        ; FiftyMHz_int_ref_clock ; FiftyMHz_int_ref_clock ; None                        ; None                      ; 3.723 ns                ;
; N/A                                     ; 127.10 MHz ( period = 7.868 ns )                    ; data_program:sending_out_the_data|counter[11] ; data_program:sending_out_the_data|M[0]        ; FiftyMHz_int_ref_clock ; FiftyMHz_int_ref_clock ; None                        ; None                      ; 3.723 ns                ;
; N/A                                     ; 127.10 MHz ( period = 7.868 ns )                    ; data_program:sending_out_the_data|counter[11] ; data_program:sending_out_the_data|M[4]        ; FiftyMHz_int_ref_clock ; FiftyMHz_int_ref_clock ; None                        ; None                      ; 3.723 ns                ;
; N/A                                     ; 127.10 MHz ( period = 7.868 ns )                    ; data_program:sending_out_the_data|counter[11] ; data_program:sending_out_the_data|M[10]       ; FiftyMHz_int_ref_clock ; FiftyMHz_int_ref_clock ; None                        ; None                      ; 3.723 ns                ;
; N/A                                     ; 127.10 MHz ( period = 7.868 ns )                    ; data_program:sending_out_the_data|counter[11] ; data_program:sending_out_the_data|M[12]       ; FiftyMHz_int_ref_clock ; FiftyMHz_int_ref_clock ; None                        ; None                      ; 3.723 ns                ;
; N/A                                     ; 127.10 MHz ( period = 7.868 ns )                    ; data_program:sending_out_the_data|counter[11] ; data_program:sending_out_the_data|M[11]       ; FiftyMHz_int_ref_clock ; FiftyMHz_int_ref_clock ; None                        ; None                      ; 3.723 ns                ;
; N/A                                     ; 127.10 MHz ( period = 7.868 ns )                    ; data_program:sending_out_the_data|counter[11] ; data_program:sending_out_the_data|M[9]        ; FiftyMHz_int_ref_clock ; FiftyMHz_int_ref_clock ; None                        ; None                      ; 3.723 ns                ;
; N/A                                     ; 127.10 MHz ( period = 7.868 ns )                    ; data_program:sending_out_the_data|counter[11] ; data_program:sending_out_the_data|M[7]        ; FiftyMHz_int_ref_clock ; FiftyMHz_int_ref_clock ; None                        ; None                      ; 3.723 ns                ;
; N/A                                     ; 127.10 MHz ( period = 7.868 ns )                    ; data_program:sending_out_the_data|counter[11] ; data_program:sending_out_the_data|M[8]        ; FiftyMHz_int_ref_clock ; FiftyMHz_int_ref_clock ; None                        ; None                      ; 3.723 ns                ;
; N/A                                     ; 127.10 MHz ( period = 7.868 ns )                    ; data_program:sending_out_the_data|counter[11] ; data_program:sending_out_the_data|M[5]        ; FiftyMHz_int_ref_clock ; FiftyMHz_int_ref_clock ; None                        ; None                      ; 3.723 ns                ;
; N/A                                     ; 127.10 MHz ( period = 7.868 ns )                    ; data_program:sending_out_the_data|counter[11] ; data_program:sending_out_the_data|M[6]        ; FiftyMHz_int_ref_clock ; FiftyMHz_int_ref_clock ; None                        ; None                      ; 3.723 ns                ;
; N/A                                     ; 127.10 MHz ( period = 7.868 ns )                    ; data_program:sending_out_the_data|counter[11] ; data_program:sending_out_the_data|M[3]        ; FiftyMHz_int_ref_clock ; FiftyMHz_int_ref_clock ; None                        ; None                      ; 3.723 ns                ;
; N/A                                     ; 127.10 MHz ( period = 7.868 ns )                    ; data_program:sending_out_the_data|counter[11] ; data_program:sending_out_the_data|M[2]        ; FiftyMHz_int_ref_clock ; FiftyMHz_int_ref_clock ; None                        ; None                      ; 3.723 ns                ;
; N/A                                     ; 127.10 MHz ( period = 7.868 ns )                    ; data_program:sending_out_the_data|counter[11] ; data_program:sending_out_the_data|M[15]       ; FiftyMHz_int_ref_clock ; FiftyMHz_int_ref_clock ; None                        ; None                      ; 3.723 ns                ;
; N/A                                     ; 127.10 MHz ( period = 7.868 ns )                    ; data_program:sending_out_the_data|counter[11] ; data_program:sending_out_the_data|M[13]       ; FiftyMHz_int_ref_clock ; FiftyMHz_int_ref_clock ; None                        ; None                      ; 3.723 ns                ;
; N/A                                     ; 127.10 MHz ( period = 7.868 ns )                    ; data_program:sending_out_the_data|counter[11] ; data_program:sending_out_the_data|M[14]       ; FiftyMHz_int_ref_clock ; FiftyMHz_int_ref_clock ; None                        ; None                      ; 3.723 ns                ;
; N/A                                     ; 127.13 MHz ( period = 7.866 ns )                    ; data_program:sending_out_the_data|counter[11] ; data_program:sending_out_the_data|data_output ; FiftyMHz_int_ref_clock ; FiftyMHz_int_ref_clock ; None                        ; None                      ; 3.723 ns                ;
; N/A                                     ; 127.91 MHz ( period = 7.818 ns )                    ; data_program:sending_out_the_data|counter[13] ; data_program:sending_out_the_data|M[31]       ; FiftyMHz_int_ref_clock ; FiftyMHz_int_ref_clock ; None                        ; None                      ; 3.700 ns                ;
; N/A                                     ; 127.91 MHz ( period = 7.818 ns )                    ; data_program:sending_out_the_data|counter[13] ; data_program:sending_out_the_data|M[30]       ; FiftyMHz_int_ref_clock ; FiftyMHz_int_ref_clock ; None                        ; None                      ; 3.700 ns                ;
; N/A                                     ; 127.91 MHz ( period = 7.818 ns )                    ; data_program:sending_out_the_data|counter[13] ; data_program:sending_out_the_data|M[29]       ; FiftyMHz_int_ref_clock ; FiftyMHz_int_ref_clock ; None                        ; None                      ; 3.700 ns                ;
; N/A                                     ; 127.91 MHz ( period = 7.818 ns )                    ; data_program:sending_out_the_data|counter[13] ; data_program:sending_out_the_data|M[21]       ; FiftyMHz_int_ref_clock ; FiftyMHz_int_ref_clock ; None                        ; None                      ; 3.700 ns                ;
; N/A                                     ; 127.91 MHz ( period = 7.818 ns )                    ; data_program:sending_out_the_data|counter[13] ; data_program:sending_out_the_data|M[24]       ; FiftyMHz_int_ref_clock ; FiftyMHz_int_ref_clock ; None                        ; None                      ; 3.700 ns                ;
; N/A                                     ; 127.91 MHz ( period = 7.818 ns )                    ; data_program:sending_out_the_data|counter[13] ; data_program:sending_out_the_data|M[22]       ; FiftyMHz_int_ref_clock ; FiftyMHz_int_ref_clock ; None                        ; None                      ; 3.700 ns                ;
; N/A                                     ; 127.91 MHz ( period = 7.818 ns )                    ; data_program:sending_out_the_data|counter[13] ; data_program:sending_out_the_data|M[23]       ; FiftyMHz_int_ref_clock ; FiftyMHz_int_ref_clock ; None                        ; None                      ; 3.700 ns                ;
; N/A                                     ; 127.91 MHz ( period = 7.818 ns )                    ; data_program:sending_out_the_data|counter[13] ; data_program:sending_out_the_data|M[17]       ; FiftyMHz_int_ref_clock ; FiftyMHz_int_ref_clock ; None                        ; None                      ; 3.700 ns                ;
; N/A                                     ; 127.91 MHz ( period = 7.818 ns )                    ; data_program:sending_out_the_data|counter[13] ; data_program:sending_out_the_data|M[19]       ; FiftyMHz_int_ref_clock ; FiftyMHz_int_ref_clock ; None                        ; None                      ; 3.700 ns                ;
; N/A                                     ; 127.91 MHz ( period = 7.818 ns )                    ; data_program:sending_out_the_data|counter[13] ; data_program:sending_out_the_data|M[18]       ; FiftyMHz_int_ref_clock ; FiftyMHz_int_ref_clock ; None                        ; None                      ; 3.700 ns                ;
; N/A                                     ; 127.91 MHz ( period = 7.818 ns )                    ; data_program:sending_out_the_data|counter[13] ; data_program:sending_out_the_data|M[20]       ; FiftyMHz_int_ref_clock ; FiftyMHz_int_ref_clock ; None                        ; None                      ; 3.700 ns                ;
; N/A                                     ; 127.91 MHz ( period = 7.818 ns )                    ; data_program:sending_out_the_data|counter[13] ; data_program:sending_out_the_data|M[26]       ; FiftyMHz_int_ref_clock ; FiftyMHz_int_ref_clock ; None                        ; None                      ; 3.700 ns                ;
; N/A                                     ; 127.91 MHz ( period = 7.818 ns )                    ; data_program:sending_out_the_data|counter[13] ; data_program:sending_out_the_data|M[27]       ; FiftyMHz_int_ref_clock ; FiftyMHz_int_ref_clock ; None                        ; None                      ; 3.700 ns                ;
; N/A                                     ; 127.91 MHz ( period = 7.818 ns )                    ; data_program:sending_out_the_data|counter[13] ; data_program:sending_out_the_data|M[28]       ; FiftyMHz_int_ref_clock ; FiftyMHz_int_ref_clock ; None                        ; None                      ; 3.700 ns                ;
; N/A                                     ; 127.91 MHz ( period = 7.818 ns )                    ; data_program:sending_out_the_data|counter[13] ; data_program:sending_out_the_data|M[25]       ; FiftyMHz_int_ref_clock ; FiftyMHz_int_ref_clock ; None                        ; None                      ; 3.700 ns                ;
; N/A                                     ; 127.91 MHz ( period = 7.818 ns )                    ; data_program:sending_out_the_data|counter[13] ; data_program:sending_out_the_data|M[16]       ; FiftyMHz_int_ref_clock ; FiftyMHz_int_ref_clock ; None                        ; None                      ; 3.700 ns                ;
; N/A                                     ; 128.37 MHz ( period = 7.790 ns )                    ; data_program:sending_out_the_data|counter[13] ; data_program:sending_out_the_data|M[1]        ; FiftyMHz_int_ref_clock ; FiftyMHz_int_ref_clock ; None                        ; None                      ; 3.684 ns                ;
; N/A                                     ; 128.37 MHz ( period = 7.790 ns )                    ; data_program:sending_out_the_data|counter[13] ; data_program:sending_out_the_data|M[0]        ; FiftyMHz_int_ref_clock ; FiftyMHz_int_ref_clock ; None                        ; None                      ; 3.684 ns                ;
; N/A                                     ; 128.37 MHz ( period = 7.790 ns )                    ; data_program:sending_out_the_data|counter[13] ; data_program:sending_out_the_data|M[4]        ; FiftyMHz_int_ref_clock ; FiftyMHz_int_ref_clock ; None                        ; None                      ; 3.684 ns                ;
; N/A                                     ; 128.37 MHz ( period = 7.790 ns )                    ; data_program:sending_out_the_data|counter[13] ; data_program:sending_out_the_data|M[10]       ; FiftyMHz_int_ref_clock ; FiftyMHz_int_ref_clock ; None                        ; None                      ; 3.684 ns                ;
; N/A                                     ; 128.37 MHz ( period = 7.790 ns )                    ; data_program:sending_out_the_data|counter[13] ; data_program:sending_out_the_data|M[12]       ; FiftyMHz_int_ref_clock ; FiftyMHz_int_ref_clock ; None                        ; None                      ; 3.684 ns                ;
; N/A                                     ; 128.37 MHz ( period = 7.790 ns )                    ; data_program:sending_out_the_data|counter[13] ; data_program:sending_out_the_data|M[11]       ; FiftyMHz_int_ref_clock ; FiftyMHz_int_ref_clock ; None                        ; None                      ; 3.684 ns                ;
; N/A                                     ; 128.37 MHz ( period = 7.790 ns )                    ; data_program:sending_out_the_data|counter[13] ; data_program:sending_out_the_data|M[9]        ; FiftyMHz_int_ref_clock ; FiftyMHz_int_ref_clock ; None                        ; None                      ; 3.684 ns                ;
; N/A                                     ; 128.37 MHz ( period = 7.790 ns )                    ; data_program:sending_out_the_data|counter[13] ; data_program:sending_out_the_data|M[7]        ; FiftyMHz_int_ref_clock ; FiftyMHz_int_ref_clock ; None                        ; None                      ; 3.684 ns                ;
; N/A                                     ; 128.37 MHz ( period = 7.790 ns )                    ; data_program:sending_out_the_data|counter[13] ; data_program:sending_out_the_data|M[8]        ; FiftyMHz_int_ref_clock ; FiftyMHz_int_ref_clock ; None                        ; None                      ; 3.684 ns                ;
; N/A                                     ; 128.37 MHz ( period = 7.790 ns )                    ; data_program:sending_out_the_data|counter[13] ; data_program:sending_out_the_data|M[5]        ; FiftyMHz_int_ref_clock ; FiftyMHz_int_ref_clock ; None                        ; None                      ; 3.684 ns                ;
; N/A                                     ; 128.37 MHz ( period = 7.790 ns )                    ; data_program:sending_out_the_data|counter[13] ; data_program:sending_out_the_data|M[6]        ; FiftyMHz_int_ref_clock ; FiftyMHz_int_ref_clock ; None                        ; None                      ; 3.684 ns                ;
; N/A                                     ; 128.37 MHz ( period = 7.790 ns )                    ; data_program:sending_out_the_data|counter[13] ; data_program:sending_out_the_data|M[3]        ; FiftyMHz_int_ref_clock ; FiftyMHz_int_ref_clock ; None                        ; None                      ; 3.684 ns                ;
; N/A                                     ; 128.37 MHz ( period = 7.790 ns )                    ; data_program:sending_out_the_data|counter[13] ; data_program:sending_out_the_data|M[2]        ; FiftyMHz_int_ref_clock ; FiftyMHz_int_ref_clock ; None                        ; None                      ; 3.684 ns                ;
; N/A                                     ; 128.37 MHz ( period = 7.790 ns )                    ; data_program:sending_out_the_data|counter[13] ; data_program:sending_out_the_data|M[15]       ; FiftyMHz_int_ref_clock ; FiftyMHz_int_ref_clock ; None                        ; None                      ; 3.684 ns                ;
; N/A                                     ; 128.37 MHz ( period = 7.790 ns )                    ; data_program:sending_out_the_data|counter[13] ; data_program:sending_out_the_data|M[13]       ; FiftyMHz_int_ref_clock ; FiftyMHz_int_ref_clock ; None                        ; None                      ; 3.684 ns                ;
; N/A                                     ; 128.37 MHz ( period = 7.790 ns )                    ; data_program:sending_out_the_data|counter[13] ; data_program:sending_out_the_data|M[14]       ; FiftyMHz_int_ref_clock ; FiftyMHz_int_ref_clock ; None                        ; None                      ; 3.684 ns                ;
; N/A                                     ; 128.40 MHz ( period = 7.788 ns )                    ; data_program:sending_out_the_data|counter[13] ; data_program:sending_out_the_data|data_output ; FiftyMHz_int_ref_clock ; FiftyMHz_int_ref_clock ; None                        ; None                      ; 3.684 ns                ;
; N/A                                     ; 130.96 MHz ( period = 7.636 ns )                    ; data_program:sending_out_the_data|counter[7]  ; data_program:sending_out_the_data|M[31]       ; FiftyMHz_int_ref_clock ; FiftyMHz_int_ref_clock ; None                        ; None                      ; 3.609 ns                ;
; N/A                                     ; 130.96 MHz ( period = 7.636 ns )                    ; data_program:sending_out_the_data|counter[7]  ; data_program:sending_out_the_data|M[30]       ; FiftyMHz_int_ref_clock ; FiftyMHz_int_ref_clock ; None                        ; None                      ; 3.609 ns                ;
; N/A                                     ; 130.96 MHz ( period = 7.636 ns )                    ; data_program:sending_out_the_data|counter[7]  ; data_program:sending_out_the_data|M[29]       ; FiftyMHz_int_ref_clock ; FiftyMHz_int_ref_clock ; None                        ; None                      ; 3.609 ns                ;
; N/A                                     ; 130.96 MHz ( period = 7.636 ns )                    ; data_program:sending_out_the_data|counter[7]  ; data_program:sending_out_the_data|M[21]       ; FiftyMHz_int_ref_clock ; FiftyMHz_int_ref_clock ; None                        ; None                      ; 3.609 ns                ;
; N/A                                     ; 130.96 MHz ( period = 7.636 ns )                    ; data_program:sending_out_the_data|counter[7]  ; data_program:sending_out_the_data|M[24]       ; FiftyMHz_int_ref_clock ; FiftyMHz_int_ref_clock ; None                        ; None                      ; 3.609 ns                ;
; N/A                                     ; 130.96 MHz ( period = 7.636 ns )                    ; data_program:sending_out_the_data|counter[7]  ; data_program:sending_out_the_data|M[22]       ; FiftyMHz_int_ref_clock ; FiftyMHz_int_ref_clock ; None                        ; None                      ; 3.609 ns                ;
; N/A                                     ; 130.96 MHz ( period = 7.636 ns )                    ; data_program:sending_out_the_data|counter[7]  ; data_program:sending_out_the_data|M[23]       ; FiftyMHz_int_ref_clock ; FiftyMHz_int_ref_clock ; None                        ; None                      ; 3.609 ns                ;
; N/A                                     ; 130.96 MHz ( period = 7.636 ns )                    ; data_program:sending_out_the_data|counter[7]  ; data_program:sending_out_the_data|M[17]       ; FiftyMHz_int_ref_clock ; FiftyMHz_int_ref_clock ; None                        ; None                      ; 3.609 ns                ;
; N/A                                     ; 130.96 MHz ( period = 7.636 ns )                    ; data_program:sending_out_the_data|counter[7]  ; data_program:sending_out_the_data|M[19]       ; FiftyMHz_int_ref_clock ; FiftyMHz_int_ref_clock ; None                        ; None                      ; 3.609 ns                ;
; N/A                                     ; 130.96 MHz ( period = 7.636 ns )                    ; data_program:sending_out_the_data|counter[7]  ; data_program:sending_out_the_data|M[18]       ; FiftyMHz_int_ref_clock ; FiftyMHz_int_ref_clock ; None                        ; None                      ; 3.609 ns                ;
; N/A                                     ; 130.96 MHz ( period = 7.636 ns )                    ; data_program:sending_out_the_data|counter[7]  ; data_program:sending_out_the_data|M[20]       ; FiftyMHz_int_ref_clock ; FiftyMHz_int_ref_clock ; None                        ; None                      ; 3.609 ns                ;
; N/A                                     ; 130.96 MHz ( period = 7.636 ns )                    ; data_program:sending_out_the_data|counter[7]  ; data_program:sending_out_the_data|M[26]       ; FiftyMHz_int_ref_clock ; FiftyMHz_int_ref_clock ; None                        ; None                      ; 3.609 ns                ;
; N/A                                     ; 130.96 MHz ( period = 7.636 ns )                    ; data_program:sending_out_the_data|counter[7]  ; data_program:sending_out_the_data|M[27]       ; FiftyMHz_int_ref_clock ; FiftyMHz_int_ref_clock ; None                        ; None                      ; 3.609 ns                ;
; N/A                                     ; 130.96 MHz ( period = 7.636 ns )                    ; data_program:sending_out_the_data|counter[7]  ; data_program:sending_out_the_data|M[28]       ; FiftyMHz_int_ref_clock ; FiftyMHz_int_ref_clock ; None                        ; None                      ; 3.609 ns                ;
; N/A                                     ; 130.96 MHz ( period = 7.636 ns )                    ; data_program:sending_out_the_data|counter[7]  ; data_program:sending_out_the_data|M[25]       ; FiftyMHz_int_ref_clock ; FiftyMHz_int_ref_clock ; None                        ; None                      ; 3.609 ns                ;
; N/A                                     ; 130.96 MHz ( period = 7.636 ns )                    ; data_program:sending_out_the_data|counter[7]  ; data_program:sending_out_the_data|M[16]       ; FiftyMHz_int_ref_clock ; FiftyMHz_int_ref_clock ; None                        ; None                      ; 3.609 ns                ;
; N/A                                     ; 130.99 MHz ( period = 7.634 ns )                    ; data_program:sending_out_the_data|counter[12] ; data_program:sending_out_the_data|M[31]       ; FiftyMHz_int_ref_clock ; FiftyMHz_int_ref_clock ; None                        ; None                      ; 3.608 ns                ;
; N/A                                     ; 130.99 MHz ( period = 7.634 ns )                    ; data_program:sending_out_the_data|counter[12] ; data_program:sending_out_the_data|M[30]       ; FiftyMHz_int_ref_clock ; FiftyMHz_int_ref_clock ; None                        ; None                      ; 3.608 ns                ;
; N/A                                     ; 130.99 MHz ( period = 7.634 ns )                    ; data_program:sending_out_the_data|counter[12] ; data_program:sending_out_the_data|M[29]       ; FiftyMHz_int_ref_clock ; FiftyMHz_int_ref_clock ; None                        ; None                      ; 3.608 ns                ;
; N/A                                     ; 130.99 MHz ( period = 7.634 ns )                    ; data_program:sending_out_the_data|counter[12] ; data_program:sending_out_the_data|M[21]       ; FiftyMHz_int_ref_clock ; FiftyMHz_int_ref_clock ; None                        ; None                      ; 3.608 ns                ;
; N/A                                     ; 130.99 MHz ( period = 7.634 ns )                    ; data_program:sending_out_the_data|counter[12] ; data_program:sending_out_the_data|M[24]       ; FiftyMHz_int_ref_clock ; FiftyMHz_int_ref_clock ; None                        ; None                      ; 3.608 ns                ;
; N/A                                     ; 130.99 MHz ( period = 7.634 ns )                    ; data_program:sending_out_the_data|counter[12] ; data_program:sending_out_the_data|M[22]       ; FiftyMHz_int_ref_clock ; FiftyMHz_int_ref_clock ; None                        ; None                      ; 3.608 ns                ;
; N/A                                     ; 130.99 MHz ( period = 7.634 ns )                    ; data_program:sending_out_the_data|counter[12] ; data_program:sending_out_the_data|M[23]       ; FiftyMHz_int_ref_clock ; FiftyMHz_int_ref_clock ; None                        ; None                      ; 3.608 ns                ;
; N/A                                     ; 130.99 MHz ( period = 7.634 ns )                    ; data_program:sending_out_the_data|counter[12] ; data_program:sending_out_the_data|M[17]       ; FiftyMHz_int_ref_clock ; FiftyMHz_int_ref_clock ; None                        ; None                      ; 3.608 ns                ;
; N/A                                     ; 130.99 MHz ( period = 7.634 ns )                    ; data_program:sending_out_the_data|counter[12] ; data_program:sending_out_the_data|M[19]       ; FiftyMHz_int_ref_clock ; FiftyMHz_int_ref_clock ; None                        ; None                      ; 3.608 ns                ;
; N/A                                     ; 130.99 MHz ( period = 7.634 ns )                    ; data_program:sending_out_the_data|counter[12] ; data_program:sending_out_the_data|M[18]       ; FiftyMHz_int_ref_clock ; FiftyMHz_int_ref_clock ; None                        ; None                      ; 3.608 ns                ;
; N/A                                     ; 130.99 MHz ( period = 7.634 ns )                    ; data_program:sending_out_the_data|counter[12] ; data_program:sending_out_the_data|M[20]       ; FiftyMHz_int_ref_clock ; FiftyMHz_int_ref_clock ; None                        ; None                      ; 3.608 ns                ;
; N/A                                     ; 130.99 MHz ( period = 7.634 ns )                    ; data_program:sending_out_the_data|counter[12] ; data_program:sending_out_the_data|M[26]       ; FiftyMHz_int_ref_clock ; FiftyMHz_int_ref_clock ; None                        ; None                      ; 3.608 ns                ;
; N/A                                     ; 130.99 MHz ( period = 7.634 ns )                    ; data_program:sending_out_the_data|counter[12] ; data_program:sending_out_the_data|M[27]       ; FiftyMHz_int_ref_clock ; FiftyMHz_int_ref_clock ; None                        ; None                      ; 3.608 ns                ;
; N/A                                     ; 130.99 MHz ( period = 7.634 ns )                    ; data_program:sending_out_the_data|counter[12] ; data_program:sending_out_the_data|M[28]       ; FiftyMHz_int_ref_clock ; FiftyMHz_int_ref_clock ; None                        ; None                      ; 3.608 ns                ;
; N/A                                     ; 130.99 MHz ( period = 7.634 ns )                    ; data_program:sending_out_the_data|counter[12] ; data_program:sending_out_the_data|M[25]       ; FiftyMHz_int_ref_clock ; FiftyMHz_int_ref_clock ; None                        ; None                      ; 3.608 ns                ;
; N/A                                     ; 130.99 MHz ( period = 7.634 ns )                    ; data_program:sending_out_the_data|counter[12] ; data_program:sending_out_the_data|M[16]       ; FiftyMHz_int_ref_clock ; FiftyMHz_int_ref_clock ; None                        ; None                      ; 3.608 ns                ;
; N/A                                     ; 131.44 MHz ( period = 7.608 ns )                    ; data_program:sending_out_the_data|counter[7]  ; data_program:sending_out_the_data|M[2]        ; FiftyMHz_int_ref_clock ; FiftyMHz_int_ref_clock ; None                        ; None                      ; 3.593 ns                ;
; N/A                                     ; 131.44 MHz ( period = 7.608 ns )                    ; data_program:sending_out_the_data|counter[7]  ; data_program:sending_out_the_data|M[15]       ; FiftyMHz_int_ref_clock ; FiftyMHz_int_ref_clock ; None                        ; None                      ; 3.593 ns                ;
; N/A                                     ; 131.44 MHz ( period = 7.608 ns )                    ; data_program:sending_out_the_data|counter[7]  ; data_program:sending_out_the_data|M[13]       ; FiftyMHz_int_ref_clock ; FiftyMHz_int_ref_clock ; None                        ; None                      ; 3.593 ns                ;
; Timing analysis restricted to 200 rows. ; To change the limit use Settings (Assignments menu) ;                                               ;                                               ;                        ;                        ;                             ;                           ;                         ;
+-----------------------------------------+-----------------------------------------------------+-----------------------------------------------+-----------------------------------------------+------------------------+------------------------+-----------------------------+---------------------------+-------------------------+


+------------------------------------------------------------------------------------------------------------------------+
; tsu                                                                                                                    ;
+-------+--------------+------------+----------+------------------------------------------------+------------------------+
; Slack ; Required tsu ; Actual tsu ; From     ; To                                             ; To Clock               ;
+-------+--------------+------------+----------+------------------------------------------------+------------------------+
; N/A   ; None         ; 3.911 ns   ; trigger  ; data_program:sending_out_the_data|counter[12]  ; FiftyMHz_int_ref_clock ;
; N/A   ; None         ; 3.609 ns   ; trigger  ; data_program:sending_out_the_data|counter[8]   ; FiftyMHz_int_ref_clock ;
; N/A   ; None         ; 3.609 ns   ; trigger  ; data_program:sending_out_the_data|counter[10]  ; FiftyMHz_int_ref_clock ;
; N/A   ; None         ; 3.606 ns   ; trigger  ; data_program:sending_out_the_data|counter[9]   ; FiftyMHz_int_ref_clock ;
; N/A   ; None         ; 3.606 ns   ; trigger  ; data_program:sending_out_the_data|counter[7]   ; FiftyMHz_int_ref_clock ;
; N/A   ; None         ; 3.605 ns   ; trigger  ; data_program:sending_out_the_data|counter[6]   ; FiftyMHz_int_ref_clock ;
; N/A   ; None         ; 3.605 ns   ; trigger  ; data_program:sending_out_the_data|counter[11]  ; FiftyMHz_int_ref_clock ;
; N/A   ; None         ; 3.603 ns   ; trigger  ; data_program:sending_out_the_data|counter[13]  ; FiftyMHz_int_ref_clock ;
; N/A   ; None         ; 3.505 ns   ; trigger  ; data_program:sending_out_the_data|counter[5]   ; FiftyMHz_int_ref_clock ;
; N/A   ; None         ; 3.502 ns   ; trigger  ; data_program:sending_out_the_data|counter[3]   ; FiftyMHz_int_ref_clock ;
; N/A   ; None         ; 3.502 ns   ; trigger  ; data_program:sending_out_the_data|counter[4]   ; FiftyMHz_int_ref_clock ;
; N/A   ; None         ; 3.502 ns   ; trigger  ; data_program:sending_out_the_data|counter[0]   ; FiftyMHz_int_ref_clock ;
; N/A   ; None         ; 3.502 ns   ; trigger  ; data_program:sending_out_the_data|counter[2]   ; FiftyMHz_int_ref_clock ;
; N/A   ; None         ; 3.502 ns   ; trigger  ; data_program:sending_out_the_data|counter[1]   ; FiftyMHz_int_ref_clock ;
; N/A   ; None         ; 2.943 ns   ; switch13 ; data_program:sending_out_the_data|data_reg[13] ; FiftyMHz_int_ref_clock ;
; N/A   ; None         ; 2.936 ns   ; switch15 ; data_program:sending_out_the_data|data_reg[15] ; FiftyMHz_int_ref_clock ;
; N/A   ; None         ; 2.870 ns   ; trigger  ; data_program:sending_out_the_data|trgger_arm   ; FiftyMHz_int_ref_clock ;
; N/A   ; None         ; 2.703 ns   ; switch16 ; data_program:sending_out_the_data|data_reg[16] ; FiftyMHz_int_ref_clock ;
; N/A   ; None         ; 2.691 ns   ; switch14 ; data_program:sending_out_the_data|data_reg[14] ; FiftyMHz_int_ref_clock ;
; N/A   ; None         ; 2.675 ns   ; switch17 ; data_program:sending_out_the_data|data_reg[17] ; FiftyMHz_int_ref_clock ;
; N/A   ; None         ; -1.425 ns  ; switch11 ; data_program:sending_out_the_data|data_reg[11] ; FiftyMHz_int_ref_clock ;
; N/A   ; None         ; -1.487 ns  ; switch10 ; data_program:sending_out_the_data|data_reg[10] ; FiftyMHz_int_ref_clock ;
; N/A   ; None         ; -1.507 ns  ; switch4  ; data_program:sending_out_the_data|data_reg[4]  ; FiftyMHz_int_ref_clock ;
; N/A   ; None         ; -1.530 ns  ; switch2  ; data_program:sending_out_the_data|data_reg[2]  ; FiftyMHz_int_ref_clock ;
; N/A   ; None         ; -1.538 ns  ; switch0  ; data_program:sending_out_the_data|data_reg[0]  ; FiftyMHz_int_ref_clock ;
; N/A   ; None         ; -1.548 ns  ; switch5  ; data_program:sending_out_the_data|data_reg[5]  ; FiftyMHz_int_ref_clock ;
; N/A   ; None         ; -1.571 ns  ; switch12 ; data_program:sending_out_the_data|data_reg[12] ; FiftyMHz_int_ref_clock ;
; N/A   ; None         ; -1.572 ns  ; switch6  ; data_program:sending_out_the_data|data_reg[6]  ; FiftyMHz_int_ref_clock ;
; N/A   ; None         ; -1.675 ns  ; switch3  ; data_program:sending_out_the_data|data_reg[3]  ; FiftyMHz_int_ref_clock ;
; N/A   ; None         ; -1.676 ns  ; switch1  ; data_program:sending_out_the_data|data_reg[1]  ; FiftyMHz_int_ref_clock ;
; N/A   ; None         ; -1.676 ns  ; switch7  ; data_program:sending_out_the_data|data_reg[7]  ; FiftyMHz_int_ref_clock ;
; N/A   ; None         ; -1.768 ns  ; switch8  ; data_program:sending_out_the_data|data_reg[8]  ; FiftyMHz_int_ref_clock ;
; N/A   ; None         ; -1.914 ns  ; switch9  ; data_program:sending_out_the_data|data_reg[9]  ; FiftyMHz_int_ref_clock ;
+-------+--------------+------------+----------+------------------------------------------------+------------------------+


+-----------------------------------------------------------------------------------------------------------------------------------+
; tco                                                                                                                               ;
+-------+--------------+------------+------------------------------------------------+---------------------+------------------------+
; Slack ; Required tco ; Actual tco ; From                                           ; To                  ; From Clock             ;
+-------+--------------+------------+------------------------------------------------+---------------------+------------------------+
; N/A   ; None         ; 10.894 ns  ; data_program:sending_out_the_data|data_reg[13] ; switch_reg_data[13] ; FiftyMHz_int_ref_clock ;
; N/A   ; None         ; 10.793 ns  ; data_program:sending_out_the_data|data_reg[17] ; switch_reg_data[17] ; FiftyMHz_int_ref_clock ;
; N/A   ; None         ; 10.792 ns  ; data_program:sending_out_the_data|data_reg[14] ; switch_reg_data[14] ; FiftyMHz_int_ref_clock ;
; N/A   ; None         ; 10.772 ns  ; data_program:sending_out_the_data|data_reg[10] ; switch_reg_data[10] ; FiftyMHz_int_ref_clock ;
; N/A   ; None         ; 10.765 ns  ; data_program:sending_out_the_data|data_reg[16] ; switch_reg_data[16] ; FiftyMHz_int_ref_clock ;
; N/A   ; None         ; 10.728 ns  ; data_program:sending_out_the_data|data_reg[15] ; switch_reg_data[15] ; FiftyMHz_int_ref_clock ;
; N/A   ; None         ; 10.714 ns  ; data_program:sending_out_the_data|data_reg[11] ; switch_reg_data[11] ; FiftyMHz_int_ref_clock ;
; N/A   ; None         ; 10.647 ns  ; data_program:sending_out_the_data|data_reg[8]  ; switch_reg_data[8]  ; FiftyMHz_int_ref_clock ;
; N/A   ; None         ; 10.509 ns  ; data_program:sending_out_the_data|data_reg[12] ; switch_reg_data[12] ; FiftyMHz_int_ref_clock ;
; N/A   ; None         ; 10.091 ns  ; data_program:sending_out_the_data|data_output  ; data                ; FiftyMHz_int_ref_clock ;
; N/A   ; None         ; 9.873 ns   ; data_program:sending_out_the_data|data_reg[3]  ; switch_reg_data[3]  ; FiftyMHz_int_ref_clock ;
; N/A   ; None         ; 9.866 ns   ; data_program:sending_out_the_data|data_reg[7]  ; switch_reg_data[7]  ; FiftyMHz_int_ref_clock ;
; N/A   ; None         ; 9.848 ns   ; data_program:sending_out_the_data|data_reg[6]  ; switch_reg_data[6]  ; FiftyMHz_int_ref_clock ;
; N/A   ; None         ; 9.835 ns   ; data_program:sending_out_the_data|data_reg[0]  ; switch_reg_data[0]  ; FiftyMHz_int_ref_clock ;
; N/A   ; None         ; 9.827 ns   ; data_program:sending_out_the_data|data_reg[2]  ; switch_reg_data[2]  ; FiftyMHz_int_ref_clock ;
; N/A   ; None         ; 9.818 ns   ; data_program:sending_out_the_data|data_reg[4]  ; switch_reg_data[4]  ; FiftyMHz_int_ref_clock ;
; N/A   ; None         ; 9.786 ns   ; data_program:sending_out_the_data|data_reg[1]  ; switch_reg_data[1]  ; FiftyMHz_int_ref_clock ;
; N/A   ; None         ; 9.770 ns   ; data_program:sending_out_the_data|dflag        ; flag                ; FiftyMHz_int_ref_clock ;
; N/A   ; None         ; 9.518 ns   ; data_program:sending_out_the_data|data_reg[9]  ; switch_reg_data[9]  ; FiftyMHz_int_ref_clock ;
; N/A   ; None         ; 9.245 ns   ; data_program:sending_out_the_data|data_reg[5]  ; switch_reg_data[5]  ; FiftyMHz_int_ref_clock ;
; N/A   ; None         ; 7.713 ns   ; clock_maker:clock_outputting|TenMHz_receiver   ; TenMHz_output_clock ; FiftyMHz_int_ref_clock ;
+-------+--------------+------------+------------------------------------------------+---------------------+------------------------+


+------------------------------------------------------------------------------------------------------------------------------+
; th                                                                                                                           ;
+---------------+-------------+-----------+----------+------------------------------------------------+------------------------+
; Minimum Slack ; Required th ; Actual th ; From     ; To                                             ; To Clock               ;
+---------------+-------------+-----------+----------+------------------------------------------------+------------------------+
; N/A           ; None        ; 2.144 ns  ; switch9  ; data_program:sending_out_the_data|data_reg[9]  ; FiftyMHz_int_ref_clock ;
; N/A           ; None        ; 1.998 ns  ; switch8  ; data_program:sending_out_the_data|data_reg[8]  ; FiftyMHz_int_ref_clock ;
; N/A           ; None        ; 1.906 ns  ; switch1  ; data_program:sending_out_the_data|data_reg[1]  ; FiftyMHz_int_ref_clock ;
; N/A           ; None        ; 1.906 ns  ; switch7  ; data_program:sending_out_the_data|data_reg[7]  ; FiftyMHz_int_ref_clock ;
; N/A           ; None        ; 1.905 ns  ; switch3  ; data_program:sending_out_the_data|data_reg[3]  ; FiftyMHz_int_ref_clock ;
; N/A           ; None        ; 1.802 ns  ; switch6  ; data_program:sending_out_the_data|data_reg[6]  ; FiftyMHz_int_ref_clock ;
; N/A           ; None        ; 1.801 ns  ; switch12 ; data_program:sending_out_the_data|data_reg[12] ; FiftyMHz_int_ref_clock ;
; N/A           ; None        ; 1.778 ns  ; switch5  ; data_program:sending_out_the_data|data_reg[5]  ; FiftyMHz_int_ref_clock ;
; N/A           ; None        ; 1.768 ns  ; switch0  ; data_program:sending_out_the_data|data_reg[0]  ; FiftyMHz_int_ref_clock ;
; N/A           ; None        ; 1.760 ns  ; switch2  ; data_program:sending_out_the_data|data_reg[2]  ; FiftyMHz_int_ref_clock ;
; N/A           ; None        ; 1.737 ns  ; switch4  ; data_program:sending_out_the_data|data_reg[4]  ; FiftyMHz_int_ref_clock ;
; N/A           ; None        ; 1.717 ns  ; switch10 ; data_program:sending_out_the_data|data_reg[10] ; FiftyMHz_int_ref_clock ;
; N/A           ; None        ; 1.655 ns  ; switch11 ; data_program:sending_out_the_data|data_reg[11] ; FiftyMHz_int_ref_clock ;
; N/A           ; None        ; -2.225 ns ; trigger  ; data_program:sending_out_the_data|counter[12]  ; FiftyMHz_int_ref_clock ;
; N/A           ; None        ; -2.329 ns ; trigger  ; data_program:sending_out_the_data|counter[4]   ; FiftyMHz_int_ref_clock ;
; N/A           ; None        ; -2.330 ns ; trigger  ; data_program:sending_out_the_data|counter[1]   ; FiftyMHz_int_ref_clock ;
; N/A           ; None        ; -2.334 ns ; trigger  ; data_program:sending_out_the_data|counter[2]   ; FiftyMHz_int_ref_clock ;
; N/A           ; None        ; -2.376 ns ; trigger  ; data_program:sending_out_the_data|counter[0]   ; FiftyMHz_int_ref_clock ;
; N/A           ; None        ; -2.445 ns ; switch17 ; data_program:sending_out_the_data|data_reg[17] ; FiftyMHz_int_ref_clock ;
; N/A           ; None        ; -2.461 ns ; switch14 ; data_program:sending_out_the_data|data_reg[14] ; FiftyMHz_int_ref_clock ;
; N/A           ; None        ; -2.469 ns ; trigger  ; data_program:sending_out_the_data|counter[3]   ; FiftyMHz_int_ref_clock ;
; N/A           ; None        ; -2.473 ns ; switch16 ; data_program:sending_out_the_data|data_reg[16] ; FiftyMHz_int_ref_clock ;
; N/A           ; None        ; -2.530 ns ; trigger  ; data_program:sending_out_the_data|counter[13]  ; FiftyMHz_int_ref_clock ;
; N/A           ; None        ; -2.532 ns ; trigger  ; data_program:sending_out_the_data|counter[9]   ; FiftyMHz_int_ref_clock ;
; N/A           ; None        ; -2.532 ns ; trigger  ; data_program:sending_out_the_data|counter[7]   ; FiftyMHz_int_ref_clock ;
; N/A           ; None        ; -2.536 ns ; trigger  ; data_program:sending_out_the_data|counter[8]   ; FiftyMHz_int_ref_clock ;
; N/A           ; None        ; -2.536 ns ; trigger  ; data_program:sending_out_the_data|counter[10]  ; FiftyMHz_int_ref_clock ;
; N/A           ; None        ; -2.632 ns ; trigger  ; data_program:sending_out_the_data|counter[6]   ; FiftyMHz_int_ref_clock ;
; N/A           ; None        ; -2.632 ns ; trigger  ; data_program:sending_out_the_data|counter[11]  ; FiftyMHz_int_ref_clock ;
; N/A           ; None        ; -2.640 ns ; trigger  ; data_program:sending_out_the_data|counter[5]   ; FiftyMHz_int_ref_clock ;
; N/A           ; None        ; -2.640 ns ; trigger  ; data_program:sending_out_the_data|trgger_arm   ; FiftyMHz_int_ref_clock ;
; N/A           ; None        ; -2.706 ns ; switch15 ; data_program:sending_out_the_data|data_reg[15] ; FiftyMHz_int_ref_clock ;
; N/A           ; None        ; -2.713 ns ; switch13 ; data_program:sending_out_the_data|data_reg[13] ; FiftyMHz_int_ref_clock ;
+---------------+-------------+-----------+----------+------------------------------------------------+------------------------+


+--------------------------+
; Timing Analyzer Messages ;
+--------------------------+
Info: *******************************************************************
Info: Running Quartus II Classic Timing Analyzer
    Info: Version 7.1 Build 178 06/25/2007 Service Pack 1 SJ Full Version
    Info: Processing started: Tue Jun 08 19:14:34 2010
Info: Command: quartus_tan --read_settings_files=off --write_settings_files=off another_DE2_to_one -c another_DE2_to_one --timing_analysis_only
Warning: Found pins functioning as undefined clocks and/or memory enables
    Info: Assuming node "FiftyMHz_int_ref_clock" is an undefined clock
Warning: Found 1 node(s) in clock paths which may be acting as ripple and/or gated clocks -- node(s) analyzed as buffer(s) resulting in clock skew
    Info: Detected ripple clock "clock_maker:clock_outputting|TenMHz_receiver" as buffer
Info: Clock "FiftyMHz_int_ref_clock" has Internal fmax of 122.34 MHz between source register "data_program:sending_out_the_data|counter[8]" and destination register "data_program:sending_out_the_data|M[31]" (period= 8.174 ns)
    Info: + Longest register to register delay is 3.878 ns
        Info: 1: + IC(0.000 ns) + CELL(0.000 ns) = 0.000 ns; Loc. = LCFF_X36_Y22_N25; Fanout = 4; REG Node = 'data_program:sending_out_the_data|counter[8]'
        Info: 2: + IC(0.333 ns) + CELL(0.398 ns) = 0.731 ns; Loc. = LCCOMB_X36_Y22_N16; Fanout = 2; COMB Node = 'data_program:sending_out_the_data|LessThan3~193'
        Info: 3: + IC(0.262 ns) + CELL(0.275 ns) = 1.268 ns; Loc. = LCCOMB_X36_Y22_N18; Fanout = 4; COMB Node = 'data_program:sending_out_the_data|LessThan3~194'
        Info: 4: + IC(0.269 ns) + CELL(0.150 ns) = 1.687 ns; Loc. = LCCOMB_X36_Y22_N28; Fanout = 2; COMB Node = 'data_program:sending_out_the_data|LessThan3~195'
        Info: 5: + IC(0.250 ns) + CELL(0.150 ns) = 2.087 ns; Loc. = LCCOMB_X36_Y22_N30; Fanout = 2; COMB Node = 'data_program:sending_out_the_data|data_output~321'
        Info: 6: + IC(0.250 ns) + CELL(0.149 ns) = 2.486 ns; Loc. = LCCOMB_X36_Y22_N26; Fanout = 32; COMB Node = 'data_program:sending_out_the_data|M[2]~1584'
        Info: 7: + IC(0.732 ns) + CELL(0.660 ns) = 3.878 ns; Loc. = LCFF_X36_Y20_N31; Fanout = 2; REG Node = 'data_program:sending_out_the_data|M[31]'
        Info: Total cell delay = 1.782 ns ( 45.95 % )
        Info: Total interconnect delay = 2.096 ns ( 54.05 % )
    Info: - Smallest clock skew is 0.005 ns
        Info: + Shortest clock path from clock "FiftyMHz_int_ref_clock" to destination register is 4.302 ns
            Info: 1: + IC(0.000 ns) + CELL(0.999 ns) = 0.999 ns; Loc. = PIN_N2; Fanout = 2; CLK Node = 'FiftyMHz_int_ref_clock'
            Info: 2: + IC(0.331 ns) + CELL(0.787 ns) = 2.117 ns; Loc. = LCFF_X1_Y18_N21; Fanout = 2; REG Node = 'clock_maker:clock_outputting|TenMHz_receiver'
            Info: 3: + IC(0.633 ns) + CELL(0.000 ns) = 2.750 ns; Loc. = CLKCTRL_G3; Fanout = 86; COMB Node = 'clock_maker:clock_outputting|TenMHz_receiver~clkctrl'
            Info: 4: + IC(1.015 ns) + CELL(0.537 ns) = 4.302 ns; Loc. = LCFF_X36_Y20_N31; Fanout = 2; REG Node = 'data_program:sending_out_the_data|M[31]'
            Info: Total cell delay = 2.323 ns ( 54.00 % )
            Info: Total interconnect delay = 1.979 ns ( 46.00 % )
        Info: - Longest clock path from clock "FiftyMHz_int_ref_clock" to source register is 4.297 ns
            Info: 1: + IC(0.000 ns) + CELL(0.999 ns) = 0.999 ns; Loc. = PIN_N2; Fanout = 2; CLK Node = 'FiftyMHz_int_ref_clock'
            Info: 2: + IC(0.331 ns) + CELL(0.787 ns) = 2.117 ns; Loc. = LCFF_X1_Y18_N21; Fanout = 2; REG Node = 'clock_maker:clock_outputting|TenMHz_receiver'
            Info: 3: + IC(0.633 ns) + CELL(0.000 ns) = 2.750 ns; Loc. = CLKCTRL_G3; Fanout = 86; COMB Node = 'clock_maker:clock_outputting|TenMHz_receiver~clkctrl'
            Info: 4: + IC(1.010 ns) + CELL(0.537 ns) = 4.297 ns; Loc. = LCFF_X36_Y22_N25; Fanout = 4; REG Node = 'data_program:sending_out_the_data|counter[8]'
            Info: Total cell delay = 2.323 ns ( 54.06 % )
            Info: Total interconnect delay = 1.974 ns ( 45.94 % )
    Info: + Micro clock to output delay of source is 0.250 ns
    Info: + Micro setup delay of destination is -0.036 ns
    Info: Delay path is controlled by inverted clocks -- if clock duty cycle is 50%, fmax is divided by two
Info: tsu for register "data_program:sending_out_the_data|counter[12]" (data pin = "trigger", clock pin = "FiftyMHz_int_ref_clock") is 3.911 ns
    Info: + Longest pin to register delay is 8.244 ns
        Info: 1: + IC(0.000 ns) + CELL(0.852 ns) = 0.852 ns; Loc. = PIN_J23; Fanout = 17; PIN Node = 'trigger'
        Info: 2: + IC(5.674 ns) + CELL(0.416 ns) = 6.942 ns; Loc. = LCCOMB_X35_Y22_N8; Fanout = 9; COMB Node = 'data_program:sending_out_the_data|always0~35'
        Info: 3: + IC(0.781 ns) + CELL(0.437 ns) = 8.160 ns; Loc. = LCCOMB_X36_Y22_N4; Fanout = 1; COMB Node = 'data_program:sending_out_the_data|counter[12]~1656'
        Info: 4: + IC(0.000 ns) + CELL(0.084 ns) = 8.244 ns; Loc. = LCFF_X36_Y22_N5; Fanout = 4; REG Node = 'data_program:sending_out_the_data|counter[12]'
        Info: Total cell delay = 1.789 ns ( 21.70 % )
        Info: Total interconnect delay = 6.455 ns ( 78.30 % )
    Info: + Micro setup delay of destination is -0.036 ns
    Info: - Shortest clock path from clock "FiftyMHz_int_ref_clock" to destination register is 4.297 ns
        Info: 1: + IC(0.000 ns) + CELL(0.999 ns) = 0.999 ns; Loc. = PIN_N2; Fanout = 2; CLK Node = 'FiftyMHz_int_ref_clock'
        Info: 2: + IC(0.331 ns) + CELL(0.787 ns) = 2.117 ns; Loc. = LCFF_X1_Y18_N21; Fanout = 2; REG Node = 'clock_maker:clock_outputting|TenMHz_receiver'
        Info: 3: + IC(0.633 ns) + CELL(0.000 ns) = 2.750 ns; Loc. = CLKCTRL_G3; Fanout = 86; COMB Node = 'clock_maker:clock_outputting|TenMHz_receiver~clkctrl'
        Info: 4: + IC(1.010 ns) + CELL(0.537 ns) = 4.297 ns; Loc. = LCFF_X36_Y22_N5; Fanout = 4; REG Node = 'data_program:sending_out_the_data|counter[12]'
        Info: Total cell delay = 2.323 ns ( 54.06 % )
        Info: Total interconnect delay = 1.974 ns ( 45.94 % )
Info: tco from clock "FiftyMHz_int_ref_clock" to destination pin "switch_reg_data[13]" through register "data_program:sending_out_the_data|data_reg[13]" is 10.894 ns
    Info: + Longest clock path from clock "FiftyMHz_int_ref_clock" to source register is 4.299 ns
        Info: 1: + IC(0.000 ns) + CELL(0.999 ns) = 0.999 ns; Loc. = PIN_N2; Fanout = 2; CLK Node = 'FiftyMHz_int_ref_clock'
        Info: 2: + IC(0.331 ns) + CELL(0.787 ns) = 2.117 ns; Loc. = LCFF_X1_Y18_N21; Fanout = 2; REG Node = 'clock_maker:clock_outputting|TenMHz_receiver'
        Info: 3: + IC(0.633 ns) + CELL(0.000 ns) = 2.750 ns; Loc. = CLKCTRL_G3; Fanout = 86; COMB Node = 'clock_maker:clock_outputting|TenMHz_receiver~clkctrl'
        Info: 4: + IC(1.012 ns) + CELL(0.537 ns) = 4.299 ns; Loc. = LCFF_X33_Y20_N7; Fanout = 2; REG Node = 'data_program:sending_out_the_data|data_reg[13]'
        Info: Total cell delay = 2.323 ns ( 54.04 % )
        Info: Total interconnect delay = 1.976 ns ( 45.96 % )
    Info: + Micro clock to output delay of source is 0.250 ns
    Info: + Longest register to pin delay is 6.345 ns
        Info: 1: + IC(0.000 ns) + CELL(0.000 ns) = 0.000 ns; Loc. = LCFF_X33_Y20_N7; Fanout = 2; REG Node = 'data_program:sending_out_the_data|data_reg[13]'
        Info: 2: + IC(3.693 ns) + CELL(2.652 ns) = 6.345 ns; Loc. = PIN_AB24; Fanout = 0; PIN Node = 'switch_reg_data[13]'
        Info: Total cell delay = 2.652 ns ( 41.80 % )
        Info: Total interconnect delay = 3.693 ns ( 58.20 % )
Info: th for register "data_program:sending_out_the_data|data_reg[9]" (data pin = "switch9", clock pin = "FiftyMHz_int_ref_clock") is 2.144 ns
    Info: + Longest clock path from clock "FiftyMHz_int_ref_clock" to destination register is 4.299 ns
        Info: 1: + IC(0.000 ns) + CELL(0.999 ns) = 0.999 ns; Loc. = PIN_N2; Fanout = 2; CLK Node = 'FiftyMHz_int_ref_clock'
        Info: 2: + IC(0.331 ns) + CELL(0.787 ns) = 2.117 ns; Loc. = LCFF_X1_Y18_N21; Fanout = 2; REG Node = 'clock_maker:clock_outputting|TenMHz_receiver'
        Info: 3: + IC(0.633 ns) + CELL(0.000 ns) = 2.750 ns; Loc. = CLKCTRL_G3; Fanout = 86; COMB Node = 'clock_maker:clock_outputting|TenMHz_receiver~clkctrl'
        Info: 4: + IC(1.012 ns) + CELL(0.537 ns) = 4.299 ns; Loc. = LCFF_X34_Y20_N13; Fanout = 2; REG Node = 'data_program:sending_out_the_data|data_reg[9]'
        Info: Total cell delay = 2.323 ns ( 54.04 % )
        Info: Total interconnect delay = 1.976 ns ( 45.96 % )
    Info: + Micro hold delay of destination is 0.266 ns
    Info: - Shortest pin to register delay is 2.421 ns
        Info: 1: + IC(0.000 ns) + CELL(0.999 ns) = 0.999 ns; Loc. = PIN_A13; Fanout = 1; PIN Node = 'switch9'
        Info: 2: + IC(1.189 ns) + CELL(0.149 ns) = 2.337 ns; Loc. = LCCOMB_X34_Y20_N12; Fanout = 1; COMB Node = 'data_program:sending_out_the_data|data_reg[9]~feeder'
        Info: 3: + IC(0.000 ns) + CELL(0.084 ns) = 2.421 ns; Loc. = LCFF_X34_Y20_N13; Fanout = 2; REG Node = 'data_program:sending_out_the_data|data_reg[9]'
        Info: Total cell delay = 1.232 ns ( 50.89 % )
        Info: Total interconnect delay = 1.189 ns ( 49.11 % )
Info: Quartus II Classic Timing Analyzer was successful. 0 errors, 2 warnings
    Info: Allocated 117 megabytes of memory during processing
    Info: Processing ended: Tue Jun 08 19:14:35 2010
    Info: Elapsed time: 00:00:01


