// Compilers view of MMU. Note these values are determined by the origin statements in the BIOS.
//Segment           Origin     Size
Root Code           00:0000    003000
Root Data           00:bbff    0005e7
Xmem Code           fe:e000    001366



// Function mapping and source reference.
// * The size of labels is indeterminate and so is denoted with an asterisk.
//  Addr     Size   Function                        File                         Line Num
    1f3c      110   main                            \RABBITCOM9910.C                   32
    1faa     2384   Sendfreq                        \RABBITCOM9910.C                   53
    28fa      280   Clear                           \RABBITCOM9910.C                  260
    2a12      280   SetupDDS                        \RABBITCOM9910.C                  314
    2b2a      280   Finalize                        \RABBITCOM9910.C                  368
    2c42       56   Shutdown                        \RABBITCOM9910.C                  422
    2c7a       19   TCP_Comm_Callback               \RABBITCOM9910.C                  436
    2c8d      876   tcp_errorlookup                 \RABBITCOM9910.C                  443


// Global/static data symbol mapping and source reference.
//  Addr     Size   Symbol                          File                         Line Num  Type
    b61b        2   tcp_handle                      \RABBITCOM9910.C                   29  unsigned int    
    b619        2   GLOBAL:panelHandle              \RABBITCOM9910.C                   30  int             
    1faa        2   CVICALLBACK                     \RABBITCOM9910.C                   52  int             
    1faa        2   CVICALLBACK                     \RABBITCOM9910.C                   52  int             
    1faa        2   CVICALLBACK                     \RABBITCOM9910.C                   52  int             
    1faa        2   CVICALLBACK                     \RABBITCOM9910.C                   52  int             
    1faa        2   CVICALLBACK                     \RABBITCOM9910.C                   52  int             

// Parameter and local auto symbol mapping and source reference.
//Offset Rel. to     Size   Symbol                          File                         Line Num  Type
       2      SP        2   main:argc                       \RABBITCOM9910.C                   32  int             
       4      SP        0   main:argv                       \RABBITCOM9910.C                   32  char**          
      29      SP        2   Sendfreq:panel                  \RABBITCOM9910.C                   52  int             
      31      SP        2   Sendfreq:control                \RABBITCOM9910.C                   52  int             
      33      SP        2   Sendfreq:event                  \RABBITCOM9910.C                   52  int             
      35      SP        2   Sendfreq:callbackData           \RABBITCOM9910.C                   53  void*           
      37      SP        2   Sendfreq:eventData1             \RABBITCOM9910.C                   53  int             
      39      SP        2   Sendfreq:eventData2             \RABBITCOM9910.C                   53  int             
      25      SP        2   Sendfreq:freqinput1             \RABBITCOM9910.C                   55  float*          
      23      SP        2   Sendfreq:freqinput2             \RABBITCOM9910.C                   56  float*          
      21      SP        2   Sendfreq:timelength             \RABBITCOM9910.C                   57  float*          
      17      SP        4   Sendfreq:freqword               \RABBITCOM9910.C                   58  float           
      13      SP        4   Sendfreq:ramprate               \RABBITCOM9910.C                   59  float           
      11      SP        2   Sendfreq:c                      \RABBITCOM9910.C                   60  int             
       9      SP        2   Sendfreq:commandword            \RABBITCOM9910.C                   61  char*           
       7      SP        2   Sendfreq:commandlistrow         \RABBITCOM9910.C                   62  char*           
       6      SP        1   Sendfreq:sweepdir               \RABBITCOM9910.C                   63  char            
       4      SP        2   Sendfreq:connected              \RABBITCOM9910.C                   66  int             
       2      SP        2   Sendfreq:error                  \RABBITCOM9910.C                   67  char*           
       0      SP        2   Sendfreq:tcpErr                 \RABBITCOM9910.C                   69  int             
      10      SP        2   Clear:panel                     \RABBITCOM9910.C                  259  int             
      12      SP        2   Clear:control                   \RABBITCOM9910.C                  259  int             
      14      SP        2   Clear:event                     \RABBITCOM9910.C                  259  int             
      16      SP        2   Clear:callbackData              \RABBITCOM9910.C                  260  void*           
      18      SP        2   Clear:eventData1                \RABBITCOM9910.C                  260  int             
      20      SP        2   Clear:eventData2                \RABBITCOM9910.C                  260  int             
       6      SP        2   Clear:commandword               \RABBITCOM9910.C                  262  char*           
       4      SP        2   Clear:connected                 \RABBITCOM9910.C                  264  int             
       2      SP        2   Clear:error                     \RABBITCOM9910.C                  265  char*           
       0      SP        2   Clear:tcpErr                    \RABBITCOM9910.C                  267  int             
      10      SP        2   SetupDDS:panel                  \RABBITCOM9910.C                  313  int             
      12      SP        2   SetupDDS:control                \RABBITCOM9910.C                  313  int             
      14      SP        2   SetupDDS:event                  \RABBITCOM9910.C                  313  int             
      16      SP        2   SetupDDS:callbackData           \RABBITCOM9910.C                  314  void*           
      18      SP        2   SetupDDS:eventData1             \RABBITCOM9910.C                  314  int             
      20      SP        2   SetupDDS:eventData2             \RABBITCOM9910.C                  314  int             
       6      SP        2   SetupDDS:commandword            \RABBITCOM9910.C                  316  char*           
       4      SP        2   SetupDDS:connected              \RABBITCOM9910.C                  318  int             
       2      SP        2   SetupDDS:error                  \RABBITCOM9910.C                  319  char*           
       0      SP        2   SetupDDS:tcpErr                 \RABBITCOM9910.C                  321  int             
      10      SP        2   Finalize:panel                  \RABBITCOM9910.C                  367  int             
      12      SP        2   Finalize:control                \RABBITCOM9910.C                  367  int             
      14      SP        2   Finalize:event                  \RABBITCOM9910.C                  367  int             
      16      SP        2   Finalize:callbackData           \RABBITCOM9910.C                  368  void*           
      18      SP        2   Finalize:eventData1             \RABBITCOM9910.C                  368  int             
      20      SP        2   Finalize:eventData2             \RABBITCOM9910.C                  368  int             
       6      SP        2   Finalize:commandword            \RABBITCOM9910.C                  370  char*           
       4      SP        2   Finalize:connected              \RABBITCOM9910.C                  372  int             
       2      SP        2   Finalize:error                  \RABBITCOM9910.C                  373  char*           
       0      SP        2   Finalize:tcpErr                 \RABBITCOM9910.C                  375  int             
       2      SP        2   Shutdown:panel                  \RABBITCOM9910.C                  421  int             
       4      SP        2   Shutdown:control                \RABBITCOM9910.C                  421  int             
       6      SP        2   Shutdown:event                  \RABBITCOM9910.C                  421  int             
       8      SP        2   Shutdown:callbackData           \RABBITCOM9910.C                  422  void*           
      10      SP        2   Shutdown:eventData1             \RABBITCOM9910.C                  422  int             
      12      SP        2   Shutdown:eventData2             \RABBITCOM9910.C                  422  int             
       2      SP        2   TCP_Comm_Callback:handle        \RABBITCOM9910.C                  436  unsigned int    
       4      SP        2   TCP_Comm_Callback:xType         \RABBITCOM9910.C                  436  int             
       6      SP        2   TCP_Comm_Callback:errCode       \RABBITCOM9910.C                  436  int             
       8      SP        2   TCP_Comm_Callback:callbackData  \RABBITCOM9910.C                  436  void*           
       4      SP        2   tcp_errorlookup:tcp_error_code  \RABBITCOM9910.C                  443  int             
       0      SP        2   tcp_errorlookup:error           \RABBITCOM9910.C                  445  char*           


// Macro listing and source reference.
//  Name                           File                         Line Num
   _RESTRICT_WATCHCODE_            
   USE_PORTA_AUX_IO                \DEFAULT.H                        170
   __RCM3200_LIB                   \RCM3200.LIB                        2
   LCDCSREGISTER                   \RCM3200.LIB                       38
   LCDCSSHADOW                     \RCM3200.LIB                       39
   LCDCSCONFIG                     \RCM3200.LIB                       40
   LCDSTROBE                       \RCM3200.LIB                       41
   KEYCSREGISTER                   \RCM3200.LIB                       43
   KEYCSSHADOW                     \RCM3200.LIB                       44
   KEYCSCONFIG                     \RCM3200.LIB                       45
   KEYSTROBE                       \RCM3200.LIB                       46
   LCDBASEADDR                     \RCM3200.LIB                       51
   KEYBASEADDR                     \RCM3200.LIB                       52
   __LCD122KEY7_LIB                \LCD122KEY7.LIB                     2
   LCDMREADSTATUS                  \LCD122KEY7.LIB                    90
   LCDMWRITEINSTR                  \LCD122KEY7.LIB                    91
   LCDSREADSTATUS                  \LCD122KEY7.LIB                    92
   LCDSWRITEINSTR                  \LCD122KEY7.LIB                    93
   LCDMREADDATA                    \LCD122KEY7.LIB                    94
   LCDMWRITEDATA                   \LCD122KEY7.LIB                    95
   LCDSREADDATA                    \LCD122KEY7.LIB                    96
   LCDSWRITEDATA                   \LCD122KEY7.LIB                    97
   LCDBACKLIGHT                    \LCD122KEY7.LIB                    99
   LCDLEDREG                       \LCD122KEY7.LIB                   102
   LCDLED0ADDR                     \LCD122KEY7.LIB                   103
   LCDLEDADDR                      \LCD122KEY7.LIB                   104
   KEYADDR                         \LCD122KEY7.LIB                   107
   __KEYPAD7_LIB                   \KEYPAD7.LIB                        2
   SET_EXTBUFFER_RD                \KEYPAD7.LIB                       11
   SET_EXTBUFFER_WR                \KEYPAD7.LIB                       15
   __MSCG12232_LIB                 \MSCG12232.LIB                      2
   LCD_XS                          \MSCG12232.LIB                     27
   LCD_YS                          \MSCG12232.LIB                     28
   PIXEL_XS                        \MSCG12232.LIB                     34
   PIXEL_YS                        \MSCG12232.LIB                     35
   PIXGROUP                        \MSCG12232.LIB                     36
   XMEM_BUF_SIZE                   \MSCG12232.LIB                     37
   LCDON                           \MSCG12232.LIB                    123
   LCDOFF                          \MSCG12232.LIB                    124
   LCDSETLINE                      \MSCG12232.LIB                    126
   LCDSETPAGE                      \MSCG12232.LIB                    127
   LCDSETCOLUMN                    \MSCG12232.LIB                    128
   LCDLEFTWARD                     \MSCG12232.LIB                    130
   LCDRIGHTWARD                    \MSCG12232.LIB                    131
   LCDSTATICDRIVEON                \MSCG12232.LIB                    133
   LCDSTATICDRIVEOFF               \MSCG12232.LIB                    134
   LCDDUTYCYCLE1_16                \MSCG12232.LIB                    136
   LCDDUTYCYCLE1_32                \MSCG12232.LIB                    137
   LCDRMWBEGIN                     \MSCG12232.LIB                    139
   LCDRMWEND                       \MSCG12232.LIB                    140
   LCDRESET                        \MSCG12232.LIB                    142
   LCDBUSY                         \MSCG12232.LIB                    145
   LCDDISPDIR                      \MSCG12232.LIB                    146
   LCDISON                         \MSCG12232.LIB                    147
   LCDRESETING                     \MSCG12232.LIB                    148
   BACKLIGHTOFF                    \MSCG12232.LIB                    151
   BACKLIGHTON                     \MSCG12232.LIB                    152
   LCDDISPLAYOFF                   \MSCG12232.LIB                    155
   LCDDISPLAYON                    \MSCG12232.LIB                    156
   LCDMASTER                       \MSCG12232.LIB                    159
   LCDSLAVE                        \MSCG12232.LIB                    160
   MAXTIMEOUT                      \MSCG12232.LIB                    163
   LCDMASK                         \MSCG12232.LIB                    167
   GLBUFMASK                       \MSCG12232.LIB                    168
   GLMASKCNT                       \MSCG12232.LIB                    169
   __GRAPHIC_LIB                   \GRAPHIC.LIB                       51
   FONTOFFSET                      \GRAPHIC.LIB                       57
   NO_BORDER                       \GRAPHIC.LIB                      119
   SINGLE_LINE                     \GRAPHIC.LIB                      123
   DOUBLE_LINE                     \GRAPHIC.LIB                      127
   PIXBLACK                        \GRAPHIC.LIB                      372
   PIXWHITE                        \GRAPHIC.LIB                      373
   PIXXOR                          \GRAPHIC.LIB                      374
   __6X8L_LIB                      \6X8L.LIB                           2
   __8X10L_LIB                     \8X10L.LIB                          2
   __12X16_LIB                     \12X16L.LIB                         2
   __COURIER12_LIB                 \COURIER12.LIB                      2
   ZWORLD_RESERVED_SIZE            \DEFAULT.H                        244
   __R3000_LIB__                   \R3000.LIB                         18
   QD_DIVISOR                      \R3000.LIB                         21
   QD_OVERFLOW                     \R3000.LIB                         23
   QD_UNDERFLOW                    \R3000.LIB                         24
   PWM_FREQ_FACTOR                 \R3000.LIB                        288
   PWM_SPREAD                      \R3000.LIB                        340
   PWM_OPENDRAIN                   \R3000.LIB                        341
   __PROGRAM_LIB                   \PROGRAM.LIB                        2
   PORT                            \RABBITCOM9910.C                    8
   RABBIT_IP                       \RABBITCOM9910.C                    9
   TCP_BUFF                        \RABBITCOM9910.C                   10
   COMMANDWORD_SEND                \RABBITCOM9910.C                   13
   COMMANDWORD_CLEAR               \RABBITCOM9910.C                   14
   COMMANDWORD_SETUP_DDS           \RABBITCOM9910.C                   15
   COMMANDWORD_FINALIZE            \RABBITCOM9910.C                   16
   COMMAND_LIST_ROW_LENGTH         \RABBITCOM9910.C                   18
   REFCLK                          \RABBITCOM9910.C                   24
   NUMBITS                         \RABBITCOM9910.C                   27


// Function call graph.
No call graph information available.
