--------------------------------------------------------------------------------------
Timing Analyzer Summary
--------------------------------------------------------------------------------------

Type           : Worst-case tsu
Slack          : N/A
Required Time  : None
Actual Time    : 6.738 ns
From           : key_2_reset
To             : out_2_DDS:outing_DDS|P[1]
From Clock     : --
To Clock       : ten_MHz_ext
Failed Paths   : 0

Type           : Worst-case tco
Slack          : N/A
Required Time  : None
Actual Time    : 9.351 ns
From           : out_2_DDS:outing_DDS|p_number[3]
To             : p_number[3]
From Clock     : ten_MHz_ext
To Clock       : --
Failed Paths   : 0

Type           : Worst-case th
Slack          : N/A
Required Time  : None
Actual Time    : 2.010 ns
From           : SDIO_PE_5
To             : reader_multi:reading_multi|full_184_bit_choice_1[183]
From Clock     : --
To Clock       : SCLK_PE_3
Failed Paths   : 0

Type           : Clock Setup: 'ten_MHz_ext'
Slack          : N/A
Required Time  : None
Actual Time    : 32.14 MHz ( period = 31.114 ns )
From           : out_2_DDS:outing_DDS|P[8]
To             : out_2_DDS:outing_DDS|SDIO_0
From Clock     : ten_MHz_ext
To Clock       : ten_MHz_ext
Failed Paths   : 0

Type           : Clock Setup: 'SCLK_PE_3'
Slack          : N/A
Required Time  : None
Actual Time    : 79.99 MHz ( period = 12.502 ns )
From           : reader_multi:reading_multi|full_184_bit_choice_1[143]
To             : sorter:sorting|full_184_bit_2_9[143]
From Clock     : SCLK_PE_3
To Clock       : SCLK_PE_3
Failed Paths   : 0

Type           : Clock Hold: 'SCLK_PE_3'
Slack          : Not operational: Clock Skew > Data Delay
Required Time  : None
Actual Time    : N/A
From           : reader_multi:reading_multi|full_184_bit_choice_1[31]
To             : sorter:sorting|full_184_bit_2_0[31]
From Clock     : SCLK_PE_3
To Clock       : SCLK_PE_3
Failed Paths   : 185

Type           : Total number of failed paths
Slack          : 
Required Time  : 
Actual Time    : 
From           : 
To             : 
From Clock     : 
To Clock       : 
Failed Paths   : 185

--------------------------------------------------------------------------------------

